Archive member included to satisfy reference by file (symbol)

c:/program files (x86)/stm32cubeide_1.4.0/stm32cubeide/plugins/com.st.stm32cube.ide.mcu.externaltools.gnu-tools-for-stm32.7-2018-q2-update.win32_1.4.0.202007081208/tools/bin/../lib/gcc/arm-none-eabi/7.3.1/../../../../arm-none-eabi/lib/thumb/v7-m\libc_nano.a(lib_a-errno.o)
                              Src/syscalls.o (__errno)
c:/program files (x86)/stm32cubeide_1.4.0/stm32cubeide/plugins/com.st.stm32cube.ide.mcu.externaltools.gnu-tools-for-stm32.7-2018-q2-update.win32_1.4.0.202007081208/tools/bin/../lib/gcc/arm-none-eabi/7.3.1/../../../../arm-none-eabi/lib/thumb/v7-m\libc_nano.a(lib_a-exit.o)
                              c:/program files (x86)/stm32cubeide_1.4.0/stm32cubeide/plugins/com.st.stm32cube.ide.mcu.externaltools.gnu-tools-for-stm32.7-2018-q2-update.win32_1.4.0.202007081208/tools/bin/../lib/gcc/arm-none-eabi/7.3.1/../../../../arm-none-eabi/lib/thumb/v7-m/crt0.o (exit)
c:/program files (x86)/stm32cubeide_1.4.0/stm32cubeide/plugins/com.st.stm32cube.ide.mcu.externaltools.gnu-tools-for-stm32.7-2018-q2-update.win32_1.4.0.202007081208/tools/bin/../lib/gcc/arm-none-eabi/7.3.1/../../../../arm-none-eabi/lib/thumb/v7-m\libc_nano.a(lib_a-impure.o)
                              c:/program files (x86)/stm32cubeide_1.4.0/stm32cubeide/plugins/com.st.stm32cube.ide.mcu.externaltools.gnu-tools-for-stm32.7-2018-q2-update.win32_1.4.0.202007081208/tools/bin/../lib/gcc/arm-none-eabi/7.3.1/../../../../arm-none-eabi/lib/thumb/v7-m\libc_nano.a(lib_a-exit.o) (_global_impure_ptr)
c:/program files (x86)/stm32cubeide_1.4.0/stm32cubeide/plugins/com.st.stm32cube.ide.mcu.externaltools.gnu-tools-for-stm32.7-2018-q2-update.win32_1.4.0.202007081208/tools/bin/../lib/gcc/arm-none-eabi/7.3.1/../../../../arm-none-eabi/lib/thumb/v7-m\libc_nano.a(lib_a-init.o)
                              c:/program files (x86)/stm32cubeide_1.4.0/stm32cubeide/plugins/com.st.stm32cube.ide.mcu.externaltools.gnu-tools-for-stm32.7-2018-q2-update.win32_1.4.0.202007081208/tools/bin/../lib/gcc/arm-none-eabi/7.3.1/../../../../arm-none-eabi/lib/thumb/v7-m/crt0.o (__libc_init_array)
c:/program files (x86)/stm32cubeide_1.4.0/stm32cubeide/plugins/com.st.stm32cube.ide.mcu.externaltools.gnu-tools-for-stm32.7-2018-q2-update.win32_1.4.0.202007081208/tools/bin/../lib/gcc/arm-none-eabi/7.3.1/../../../../arm-none-eabi/lib/thumb/v7-m\libc_nano.a(lib_a-memcpy-stub.o)
                              FreeRTOS/queue.o (memcpy)
c:/program files (x86)/stm32cubeide_1.4.0/stm32cubeide/plugins/com.st.stm32cube.ide.mcu.externaltools.gnu-tools-for-stm32.7-2018-q2-update.win32_1.4.0.202007081208/tools/bin/../lib/gcc/arm-none-eabi/7.3.1/../../../../arm-none-eabi/lib/thumb/v7-m\libc_nano.a(lib_a-memset.o)
                              c:/program files (x86)/stm32cubeide_1.4.0/stm32cubeide/plugins/com.st.stm32cube.ide.mcu.externaltools.gnu-tools-for-stm32.7-2018-q2-update.win32_1.4.0.202007081208/tools/bin/../lib/gcc/arm-none-eabi/7.3.1/../../../../arm-none-eabi/lib/thumb/v7-m/crt0.o (memset)

Allocating common symbols
Common symbol       size              file

Global_SPI_Congig2  0x18              STM32F103C6_Drivers/SPI_DRIVER_STM32F103C6.o
Global_SPI_Congig1  0x18              STM32F103C6_Drivers/SPI_DRIVER_STM32F103C6.o
GP_IRQ_CallBack     0x3c              STM32F103C6_Drivers/EXTI_DRIVER_STM32F103C6.o

Discarded input sections

 .text          0x0000000000000000        0x0 c:/program files (x86)/stm32cubeide_1.4.0/stm32cubeide/plugins/com.st.stm32cube.ide.mcu.externaltools.gnu-tools-for-stm32.7-2018-q2-update.win32_1.4.0.202007081208/tools/bin/../lib/gcc/arm-none-eabi/7.3.1/thumb/v7-m/crti.o
 .data          0x0000000000000000        0x0 c:/program files (x86)/stm32cubeide_1.4.0/stm32cubeide/plugins/com.st.stm32cube.ide.mcu.externaltools.gnu-tools-for-stm32.7-2018-q2-update.win32_1.4.0.202007081208/tools/bin/../lib/gcc/arm-none-eabi/7.3.1/thumb/v7-m/crti.o
 .bss           0x0000000000000000        0x0 c:/program files (x86)/stm32cubeide_1.4.0/stm32cubeide/plugins/com.st.stm32cube.ide.mcu.externaltools.gnu-tools-for-stm32.7-2018-q2-update.win32_1.4.0.202007081208/tools/bin/../lib/gcc/arm-none-eabi/7.3.1/thumb/v7-m/crti.o
 .data          0x0000000000000000        0x4 c:/program files (x86)/stm32cubeide_1.4.0/stm32cubeide/plugins/com.st.stm32cube.ide.mcu.externaltools.gnu-tools-for-stm32.7-2018-q2-update.win32_1.4.0.202007081208/tools/bin/../lib/gcc/arm-none-eabi/7.3.1/thumb/v7-m/crtbegin.o
 .text          0x0000000000000000       0x74 c:/program files (x86)/stm32cubeide_1.4.0/stm32cubeide/plugins/com.st.stm32cube.ide.mcu.externaltools.gnu-tools-for-stm32.7-2018-q2-update.win32_1.4.0.202007081208/tools/bin/../lib/gcc/arm-none-eabi/7.3.1/../../../../arm-none-eabi/lib/thumb/v7-m/crt0.o
[...]
Memory Configuration

Name             Origin             Length             Attributes
RAM              0x0000000020000000 0x0000000000002800 xrw
ROM              0x0000000008000000 0x0000000000008000 xr
*default*        0x0000000000000000 0xffffffffffffffff

Linker script and memory map

LOAD c:/program files (x86)/stm32cubeide_1.4.0/stm32cubeide/plugins/com.st.stm32cube.ide.mcu.externaltools.gnu-tools-for-stm32.7-2018-q2-update.win32_1.4.0.202007081208/tools/bin/../lib/gcc/arm-none-eabi/7.3.1/thumb/v7-m/crti.o
LOAD c:/program files (x86)/stm32cubeide_1.4.0/stm32cubeide/plugins/com.st.stm32cube.ide.mcu.externaltools.gnu-tools-for-stm32.7-2018-q2-update.win32_1.4.0.202007081208/tools/bin/../lib/gcc/arm-none-eabi/7.3.1/thumb/v7-m/crtbegin.o
LOAD c:/program files (x86)/stm32cubeide_1.4.0/stm32cubeide/plugins/com.st.stm32cube.ide.mcu.externaltools.gnu-tools-for-stm32.7-2018-q2-update.win32_1.4.0.202007081208/tools/bin/../lib/gcc/arm-none-eabi/7.3.1/../../../../arm-none-eabi/lib/thumb/v7-m/crt0.o
LOAD FreeRTOS/croutine.o
LOAD FreeRTOS/event_groups.o
LOAD FreeRTOS/list.o
LOAD FreeRTOS/queue.o
LOAD FreeRTOS/stream_buffer.o
LOAD FreeRTOS/tasks.o
LOAD FreeRTOS/timers.o
LOAD FreeRTOS/portable/GCC/ARM_CM3/port.o
LOAD FreeRTOS/portable/MemMang/heap_4.o
LOAD STM32F103C6_Drivers/EXTI_DRIVER_STM32F103C6.o
LOAD STM32F103C6_Drivers/GPIO_DRIVER_STM32F103C6.o
LOAD STM32F103C6_Drivers/I2C_DRIVER_STM32F103C6.o
LOAD STM32F103C6_Drivers/RCC_DRIVER_STM32F103C6.o
LOAD STM32F103C6_Drivers/SPI_DRIVER_STM32F103C6.o
LOAD STM32F103C6_Drivers/Timer.o
LOAD STM32F103C6_Drivers/USART_DRIVER_STM32F103C6.o
LOAD Src/main.o
LOAD Src/syscalls.o
LOAD Src/sysmem.o
LOAD Startup/startup_stm32f103c6tx.o
START GROUP
LOAD c:/program files (x86)/stm32cubeide_1.4.0/stm32cubeide/plugins/com.st.stm32cube.ide.mcu.externaltools.gnu-tools-for-stm32.7-2018-q2-update.win32_1.4.0.202007081208/tools/bin/../lib/gcc/arm-none-eabi/7.3.1/../../../../arm-none-eabi/lib/thumb/v7-m\libc_nano.a
LOAD c:/program files (x86)/stm32cubeide_1.4.0/stm32cubeide/plugins/com.st.stm32cube.ide.mcu.externaltools.gnu-tools-for-stm32.7-2018-q2-update.win32_1.4.0.202007081208/tools/bin/../lib/gcc/arm-none-eabi/7.3.1/../../../../arm-none-eabi/lib/thumb/v7-m\libm.a
END GROUP
START GROUP
LOAD c:/program files (x86)/stm32cubeide_1.4.0/stm32cubeide/plugins/com.st.stm32cube.ide.mcu.externaltools.gnu-tools-for-stm32.7-2018-q2-update.win32_1.4.0.202007081208/tools/bin/../lib/gcc/arm-none-eabi/7.3.1/thumb/v7-m\libgcc.a
LOAD c:/program files (x86)/stm32cubeide_1.4.0/stm32cubeide/plugins/com.st.stm32cube.ide.mcu.externaltools.gnu-tools-for-stm32.7-2018-q2-update.win32_1.4.0.202007081208/tools/bin/../lib/gcc/arm-none-eabi/7.3.1/../../../../arm-none-eabi/lib/thumb/v7-m\libc_nano.a
END GROUP
START GROUP
LOAD c:/program files (x86)/stm32cubeide_1.4.0/stm32cubeide/plugins/com.st.stm32cube.ide.mcu.externaltools.gnu-tools-for-stm32.7-2018-q2-update.win32_1.4.0.202007081208/tools/bin/../lib/gcc/arm-none-eabi/7.3.1/thumb/v7-m\libgcc.a
LOAD c:/program files (x86)/stm32cubeide_1.4.0/stm32cubeide/plugins/com.st.stm32cube.ide.mcu.externaltools.gnu-tools-for-stm32.7-2018-q2-update.win32_1.4.0.202007081208/tools/bin/../lib/gcc/arm-none-eabi/7.3.1/../../../../arm-none-eabi/lib/thumb/v7-m\libc_nano.a
LOAD c:/program files (x86)/stm32cubeide_1.4.0/stm32cubeide/plugins/com.st.stm32cube.ide.mcu.externaltools.gnu-tools-for-stm32.7-2018-q2-update.win32_1.4.0.202007081208/tools/bin/../lib/gcc/arm-none-eabi/7.3.1/../../../../arm-none-eabi/lib/thumb/v7-m\libnosys.a
END GROUP
START GROUP
LOAD c:/program files (x86)/stm32cubeide_1.4.0/stm32cubeide/plugins/com.st.stm32cube.ide.mcu.externaltools.gnu-tools-for-stm32.7-2018-q2-update.win32_1.4.0.202007081208/tools/bin/../lib/gcc/arm-none-eabi/7.3.1/thumb/v7-m\libgcc.a
LOAD c:/program files (x86)/stm32cubeide_1.4.0/stm32cubeide/plugins/com.st.stm32cube.ide.mcu.externaltools.gnu-tools-for-stm32.7-2018-q2-update.win32_1.4.0.202007081208/tools/bin/../lib/gcc/arm-none-eabi/7.3.1/../../../../arm-none-eabi/lib/thumb/v7-m\libc_nano.a
LOAD c:/program files (x86)/stm32cubeide_1.4.0/stm32cubeide/plugins/com.st.stm32cube.ide.mcu.externaltools.gnu-tools-for-stm32.7-2018-q2-update.win32_1.4.0.202007081208/tools/bin/../lib/gcc/arm-none-eabi/7.3.1/../../../../arm-none-eabi/lib/thumb/v7-m\libnosys.a
END GROUP
LOAD c:/program files (x86)/stm32cubeide_1.4.0/stm32cubeide/plugins/com.st.stm32cube.ide.mcu.externaltools.gnu-tools-for-stm32.7-2018-q2-update.win32_1.4.0.202007081208/tools/bin/../lib/gcc/arm-none-eabi/7.3.1/thumb/v7-m/crtend.o
LOAD c:/program files (x86)/stm32cubeide_1.4.0/stm32cubeide/plugins/com.st.stm32cube.ide.mcu.externaltools.gnu-tools-for-stm32.7-2018-q2-update.win32_1.4.0.202007081208/tools/bin/../lib/gcc/arm-none-eabi/7.3.1/thumb/v7-m/crtn.o
                0x0000000020002800                _estack = (ORIGIN (RAM) + LENGTH (RAM))
                0x0000000000000200                _Min_Heap_Size = 0x200
                0x0000000000000400                _Min_Stack_Size = 0x400

.isr_vector     0x0000000008000000      0x130
                0x0000000008000000                . = ALIGN (0x4)
 *(.isr_vector)
 .isr_vector    0x0000000008000000      0x130 Startup/startup_stm32f103c6tx.o
                0x0000000008000000                g_pfnVectors
                0x0000000008000130                . = ALIGN (0x4)

.text           0x0000000008000130     0x17cc
                0x0000000008000130                . = ALIGN (0x4)
 *(.text)
 .text          0x0000000008000130       0x40 c:/program files (x86)/stm32cubeide_1.4.0/stm32cubeide/plugins/com.st.stm32cube.ide.mcu.externaltools.gnu-tools-for-stm32.7-2018-q2-update.win32_1.4.0.202007081208/tools/bin/../lib/gcc/arm-none-eabi/7.3.1/thumb/v7-m/crtbegin.o
 *(.text*)
 .text.vListInitialise
                0x0000000008000170       0x3e FreeRTOS/list.o
                0x0000000008000170                vListInitialise
 .text.vListInitialiseItem
                0x00000000080001ae       0x18 FreeRTOS/list.o
                0x00000000080001ae                vListInitialiseItem
 .text.vListInsert
                0x00000000080001c6       0x70 FreeRTOS/list.o
                0x00000000080001c6                vListInsert
 .text.uxListRemove
                0x0000000008000236       0x52 FreeRTOS/list.o
                0x0000000008000236                uxListRemove
 .text.xTaskCreate
                0x0000000008000288       0x82 FreeRTOS/tasks.o
                0x0000000008000288                xTaskCreate
 .text.prvInitialiseNewTask
                0x000000000800030a       0xf0 FreeRTOS/tasks.o
 *fill*         0x00000000080003fa        0x2 
 .text.prvAddNewTaskToReadyList
                0x00000000080003fc      0x124 FreeRTOS/tasks.o
 .text.vTaskDelay
                0x0000000008000520       0x48 FreeRTOS/tasks.o
                0x0000000008000520                vTaskDelay
 .text.vTaskStartScheduler
                0x0000000008000568       0x74 FreeRTOS/tasks.o
                0x0000000008000568                vTaskStartScheduler
 .text.vTaskSuspendAll
                0x00000000080005dc       0x1c FreeRTOS/tasks.o
                0x00000000080005dc                vTaskSuspendAll
 .text.xTaskResumeAll
                0x00000000080005f8      0x1d8 FreeRTOS/tasks.o
                0x00000000080005f8                xTaskResumeAll
 .text.xTaskIncrementTick
                0x00000000080007d0      0x20c FreeRTOS/tasks.o
                0x00000000080007d0                xTaskIncrementTick
 .text.vTaskSwitchContext
                0x00000000080009dc       0x8c FreeRTOS/tasks.o
                0x00000000080009dc                vTaskSwitchContext
 .text.prvIdleTask
                0x0000000008000a68       0x30 FreeRTOS/tasks.o
 .text.prvInitialiseTaskLists
                0x0000000008000a98       0x80 FreeRTOS/tasks.o
 .text.prvCheckTasksWaitingTermination
                0x0000000008000b18       0x58 FreeRTOS/tasks.o
 .text.prvDeleteTCB
                0x0000000008000b70       0x20 FreeRTOS/tasks.o
 .text.prvResetNextTaskUnblockTime
                0x0000000008000b90       0x34 FreeRTOS/tasks.o
 .text.prvAddCurrentTaskToDelayedList
                0x0000000008000bc4      0x100 FreeRTOS/tasks.o
 .text.pxPortInitialiseStack
                0x0000000008000cc4       0x58 FreeRTOS/portable/GCC/ARM_CM3/port.o
                0x0000000008000cc4                pxPortInitialiseStack
 .text.prvTaskExitError
                0x0000000008000d1c       0x2e FreeRTOS/portable/GCC/ARM_CM3/port.o
 *fill*         0x0000000008000d4a        0x6 
 .text.SVC_Handler
                0x0000000008000d50       0x28 FreeRTOS/portable/GCC/ARM_CM3/port.o
                0x0000000008000d50                SVC_Handler
 .text.prvPortStartFirstTask
                0x0000000008000d78       0x24 FreeRTOS/portable/GCC/ARM_CM3/port.o
 .text.xPortStartScheduler
                0x0000000008000d9c       0x40 FreeRTOS/portable/GCC/ARM_CM3/port.o
                0x0000000008000d9c                xPortStartScheduler
 .text.vPortEnterCritical
                0x0000000008000ddc       0x30 FreeRTOS/portable/GCC/ARM_CM3/port.o
                0x0000000008000ddc                vPortEnterCritical
 .text.vPortExitCritical
                0x0000000008000e0c       0x30 FreeRTOS/portable/GCC/ARM_CM3/port.o
                0x0000000008000e0c                vPortExitCritical
 *fill*         0x0000000008000e3c        0x4 
 .text.PendSV_Handler
                0x0000000008000e40       0x48 FreeRTOS/portable/GCC/ARM_CM3/port.o
                0x0000000008000e40                PendSV_Handler
 .text.SysTick_Handler
                0x0000000008000e88       0x40 FreeRTOS/portable/GCC/ARM_CM3/port.o
                0x0000000008000e88                SysTick_Handler
 .text.vPortSetupTimerInterrupt
                0x0000000008000ec8       0x34 FreeRTOS/portable/GCC/ARM_CM3/port.o
                0x0000000008000ec8                vPortSetupTimerInterrupt
 .text.pvPortMalloc
                0x0000000008000efc      0x15c FreeRTOS/portable/MemMang/heap_4.o
                0x0000000008000efc                pvPortMalloc
 .text.vPortFree
                0x0000000008001058       0x80 FreeRTOS/portable/MemMang/heap_4.o
                0x0000000008001058                vPortFree
 .text.prvHeapInit
                0x00000000080010d8       0xc4 FreeRTOS/portable/MemMang/heap_4.o
 .text.prvInsertBlockIntoFreeList
                0x000000000800119c       0xb0 FreeRTOS/portable/MemMang/heap_4.o
 .text.EXTI0_IRQHandler
                0x000000000800124c       0x24 STM32F103C6_Drivers/EXTI_DRIVER_STM32F103C6.o
                0x000000000800124c                EXTI0_IRQHandler
 .text.EXTI1_IRQHandler
                0x0000000008001270       0x24 STM32F103C6_Drivers/EXTI_DRIVER_STM32F103C6.o
                0x0000000008001270                EXTI1_IRQHandler
 .text.EXTI2_IRQHandler
                0x0000000008001294       0x24 STM32F103C6_Drivers/EXTI_DRIVER_STM32F103C6.o
                0x0000000008001294                EXTI2_IRQHandler
 .text.EXTI3_IRQHandler
                0x00000000080012b8       0x24 STM32F103C6_Drivers/EXTI_DRIVER_STM32F103C6.o
                0x00000000080012b8                EXTI3_IRQHandler
 .text.EXTI4_IRQHandler
                0x00000000080012dc       0x24 STM32F103C6_Drivers/EXTI_DRIVER_STM32F103C6.o
                0x00000000080012dc                EXTI4_IRQHandler
 .text.EXTI9_5_IRQHandler
                0x0000000008001300       0xa8 STM32F103C6_Drivers/EXTI_DRIVER_STM32F103C6.o
                0x0000000008001300                EXTI9_5_IRQHandler
 .text.EXTI15_10_IRQHandler
                0x00000000080013a8       0xc4 STM32F103C6_Drivers/EXTI_DRIVER_STM32F103C6.o
                0x00000000080013a8                EXTI15_10_IRQHandler
 .text.Get_CRLH_Position
                0x000000000800146c       0xc6 STM32F103C6_Drivers/GPIO_DRIVER_STM32F103C6.o
                0x000000000800146c                Get_CRLH_Position
 .text.MCAL_GPIO_Init
                0x0000000008001532       0xfe STM32F103C6_Drivers/GPIO_DRIVER_STM32F103C6.o
                0x0000000008001532                MCAL_GPIO_Init
 .text.MCAL_GPIO_WritePin
                0x0000000008001630       0x2e STM32F103C6_Drivers/GPIO_DRIVER_STM32F103C6.o
                0x0000000008001630                MCAL_GPIO_WritePin
 .text.I2C1_EV_IRQHandler
                0x000000000800165e        0xc STM32F103C6_Drivers/I2C_DRIVER_STM32F103C6.o
                0x000000000800165e                I2C1_EV_IRQHandler
 .text.I2C1_ER_IRQHandler
                0x000000000800166a        0xc STM32F103C6_Drivers/I2C_DRIVER_STM32F103C6.o
                0x000000000800166a                I2C1_ER_IRQHandler
 .text.I2C2_EV_IRQHandler
                0x0000000008001676        0xc STM32F103C6_Drivers/I2C_DRIVER_STM32F103C6.o
                0x0000000008001676                I2C2_EV_IRQHandler
 .text.I2C2_ER_IRQHandler
                0x0000000008001682        0xc STM32F103C6_Drivers/I2C_DRIVER_STM32F103C6.o
                0x0000000008001682                I2C2_ER_IRQHandler
 *fill*         0x000000000800168e        0x2 
 .text.SPI1_IRQHandler
                0x0000000008001690       0x5c STM32F103C6_Drivers/SPI_DRIVER_STM32F103C6.o
                0x0000000008001690                SPI1_IRQHandler
 .text.SPI2_IRQHandler
                0x00000000080016ec       0x5c STM32F103C6_Drivers/SPI_DRIVER_STM32F103C6.o
                0x00000000080016ec                SPI2_IRQHandler
 .text.USART1_IRQHandler
                0x0000000008001748       0x14 STM32F103C6_Drivers/USART_DRIVER_STM32F103C6.o
                0x0000000008001748                USART1_IRQHandler
 .text.USART2_IRQHandler
                0x000000000800175c       0x14 STM32F103C6_Drivers/USART_DRIVER_STM32F103C6.o
                0x000000000800175c                USART2_IRQHandler
 .text.USART3_IRQHandler
                0x0000000008001770       0x14 STM32F103C6_Drivers/USART_DRIVER_STM32F103C6.o
                0x0000000008001770                USART3_IRQHandler
 .text.Clock_init
                0x0000000008001784       0x1c Src/main.o
                0x0000000008001784                Clock_init
 .text.HW_Init  0x00000000080017a0       0x2c Src/main.o
                0x00000000080017a0                HW_Init
 .text.main     0x00000000080017cc       0x38 Src/main.o
                0x00000000080017cc                main
 .text.vBlinkingLEDHandler
                0x0000000008001804       0x34 Src/main.o
                0x0000000008001804                vBlinkingLEDHandler
 .text.Reset_Handler
                0x0000000008001838       0x50 Startup/startup_stm32f103c6tx.o
                0x0000000008001838                Reset_Handler
 .text.Default_Handler
                0x0000000008001888        0x2 Startup/startup_stm32f103c6tx.o
                0x0000000008001888                TIM8_TRG_COM_IRQHandler
                0x0000000008001888                TIM8_CC_IRQHandler
                0x0000000008001888                DebugMon_Handler
                0x0000000008001888                TIM1_CC_IRQHandler
                0x0000000008001888                HardFault_Handler
                0x0000000008001888                TIM6_IRQHandler
                0x0000000008001888                PVD_IRQHandler
                0x0000000008001888                SDIO_IRQHandler
                0x0000000008001888                NMI_Handler
                0x0000000008001888                USB_HP_CAN_TX_IRQHandler
                0x0000000008001888                UsageFault_Handler
                0x0000000008001888                ADC1_2_IRQHandler
                0x0000000008001888                CAN_SCE_IRQHandler
                0x0000000008001888                TAMPER_IRQHandler
                0x0000000008001888                TIM8_UP_IRQHandler
                0x0000000008001888                DMA2_Channel2_IRQHandler
                0x0000000008001888                DMA1_Channel4_IRQHandler
                0x0000000008001888                RTC_IRQHandler
                0x0000000008001888                DMA1_Channel7_IRQHandler
                0x0000000008001888                UART5_IRQHandler
                0x0000000008001888                ADC3_IRQHandler
                0x0000000008001888                TIM4_IRQHandler
                0x0000000008001888                CAN_RX1_IRQHandler
                0x0000000008001888                DMA2_Channel1_IRQHandler
                0x0000000008001888                DMA1_Channel6_IRQHandler
                0x0000000008001888                UART4_IRQHandler
                0x0000000008001888                TIM3_IRQHandler
                0x0000000008001888                RCC_IRQHandler
                0x0000000008001888                TIM1_TRG_COM_IRQHandler
                0x0000000008001888                DMA1_Channel1_IRQHandler
                0x0000000008001888                Default_Handler
                0x0000000008001888                TIM7_IRQHandler
                0x0000000008001888                TIM5_IRQHandler
                0x0000000008001888                USB_LP_CAN_RX0_IRQHandler
                0x0000000008001888                MemManage_Handler
                0x0000000008001888                DMA1_Channel5_IRQHandler
                0x0000000008001888                DMA1_Channel3_IRQHandler
                0x0000000008001888                FSMC_IRQHandler
                0x0000000008001888                TIM1_UP_IRQHandler
                0x0000000008001888                WWDG_IRQHandler
                0x0000000008001888                TIM2_IRQHandler
                0x0000000008001888                TIM1_BRK_IRQHandler
                0x0000000008001888                RTCAlarm_IRQHandler
                0x0000000008001888                DMA2_Channel4_5_IRQHandler
                0x0000000008001888                DMA1_Channel2_IRQHandler
                0x0000000008001888                TIM8_BRK_IRQHandler
                0x0000000008001888                FLASH_IRQHandler
                0x0000000008001888                BusFault_Handler
                0x0000000008001888                SPI3_IRQHandler
                0x0000000008001888                DMA2_Channel3_IRQHandler
 *fill*         0x000000000800188a        0x2 
 .text.__libc_init_array
                0x000000000800188c       0x48 c:/program files (x86)/stm32cubeide_1.4.0/stm32cubeide/plugins/com.st.stm32cube.ide.mcu.externaltools.gnu-tools-for-stm32.7-2018-q2-update.win32_1.4.0.202007081208/tools/bin/../lib/gcc/arm-none-eabi/7.3.1/../../../../arm-none-eabi/lib/thumb/v7-m\libc_nano.a(lib_a-init.o)
                0x000000000800188c                __libc_init_array
 .text.memset   0x00000000080018d4       0x10 c:/program files (x86)/stm32cubeide_1.4.0/stm32cubeide/plugins/com.st.stm32cube.ide.mcu.externaltools.gnu-tools-for-stm32.7-2018-q2-update.win32_1.4.0.202007081208/tools/bin/../lib/gcc/arm-none-eabi/7.3.1/../../../../arm-none-eabi/lib/thumb/v7-m\libc_nano.a(lib_a-memset.o)
                0x00000000080018d4                memset
 *(.glue_7)
 .glue_7        0x00000000080018e4        0x0 linker stubs
 *(.glue_7t)
 .glue_7t       0x00000000080018e4        0x0 linker stubs
 *(.eh_frame)
 .eh_frame      0x00000000080018e4        0x0 c:/program files (x86)/stm32cubeide_1.4.0/stm32cubeide/plugins/com.st.stm32cube.ide.mcu.externaltools.gnu-tools-for-stm32.7-2018-q2-update.win32_1.4.0.202007081208/tools/bin/../lib/gcc/arm-none-eabi/7.3.1/thumb/v7-m/crtbegin.o
 *(.init)
 .init          0x00000000080018e4        0x4 c:/program files (x86)/stm32cubeide_1.4.0/stm32cubeide/plugins/com.st.stm32cube.ide.mcu.externaltools.gnu-tools-for-stm32.7-2018-q2-update.win32_1.4.0.202007081208/tools/bin/../lib/gcc/arm-none-eabi/7.3.1/thumb/v7-m/crti.o
                0x00000000080018e4                _init
 .init          0x00000000080018e8        0x8 c:/program files (x86)/stm32cubeide_1.4.0/stm32cubeide/plugins/com.st.stm32cube.ide.mcu.externaltools.gnu-tools-for-stm32.7-2018-q2-update.win32_1.4.0.202007081208/tools/bin/../lib/gcc/arm-none-eabi/7.3.1/thumb/v7-m/crtn.o
 *(.fini)
 .fini          0x00000000080018f0        0x4 c:/program files (x86)/stm32cubeide_1.4.0/stm32cubeide/plugins/com.st.stm32cube.ide.mcu.externaltools.gnu-tools-for-stm32.7-2018-q2-update.win32_1.4.0.202007081208/tools/bin/../lib/gcc/arm-none-eabi/7.3.1/thumb/v7-m/crti.o
                0x00000000080018f0                _fini
 .fini          0x00000000080018f4        0x8 c:/program files (x86)/stm32cubeide_1.4.0/stm32cubeide/plugins/com.st.stm32cube.ide.mcu.externaltools.gnu-tools-for-stm32.7-2018-q2-update.win32_1.4.0.202007081208/tools/bin/../lib/gcc/arm-none-eabi/7.3.1/thumb/v7-m/crtn.o
                0x00000000080018fc                . = ALIGN (0x4)
                0x00000000080018fc                _etext = .

.vfp11_veneer   0x00000000080018fc        0x0
 .vfp11_veneer  0x00000000080018fc        0x0 linker stubs

.v4_bx          0x00000000080018fc        0x0
 .v4_bx         0x00000000080018fc        0x0 linker stubs

.iplt           0x00000000080018fc        0x0
 .iplt          0x00000000080018fc        0x0 c:/program files (x86)/stm32cubeide_1.4.0/stm32cubeide/plugins/com.st.stm32cube.ide.mcu.externaltools.gnu-tools-for-stm32.7-2018-q2-update.win32_1.4.0.202007081208/tools/bin/../lib/gcc/arm-none-eabi/7.3.1/thumb/v7-m/crtbegin.o

.rodata         0x00000000080018fc       0x18
                0x00000000080018fc                . = ALIGN (0x4)
 *(.rodata)
 .rodata        0x00000000080018fc        0x5 FreeRTOS/tasks.o
 *fill*         0x0000000008001901        0x3 
 .rodata        0x0000000008001904        0xd Src/main.o
 *(.rodata*)
                0x0000000008001914                . = ALIGN (0x4)
 *fill*         0x0000000008001911        0x3 

.rel.dyn        0x0000000008001914        0x0
 .rel.iplt      0x0000000008001914        0x0 c:/program files (x86)/stm32cubeide_1.4.0/stm32cubeide/plugins/com.st.stm32cube.ide.mcu.externaltools.gnu-tools-for-stm32.7-2018-q2-update.win32_1.4.0.202007081208/tools/bin/../lib/gcc/arm-none-eabi/7.3.1/thumb/v7-m/crtbegin.o

.ARM.extab      0x0000000008001914        0x0
                0x0000000008001914                . = ALIGN (0x4)
 *(.ARM.extab* .gnu.linkonce.armextab.*)
                0x0000000008001914                . = ALIGN (0x4)

.ARM            0x0000000008001914        0x0
                0x0000000008001914                . = ALIGN (0x4)
                0x0000000008001914                __exidx_start = .
 *(.ARM.exidx*)
                0x0000000008001914                __exidx_end = .
                0x0000000008001914                . = ALIGN (0x4)

.preinit_array  0x0000000008001914        0x0
                0x0000000008001914                . = ALIGN (0x4)
                0x0000000008001914                PROVIDE (__preinit_array_start = .)
 *(.preinit_array*)
                0x0000000008001914                PROVIDE (__preinit_array_end = .)
                0x0000000008001914                . = ALIGN (0x4)

.init_array     0x0000000008001914        0x4
                0x0000000008001914                . = ALIGN (0x4)
                0x0000000008001914                PROVIDE (__init_array_start = .)
 *(SORT_BY_NAME(.init_array.*))
 *(.init_array*)
 .init_array    0x0000000008001914        0x4 c:/program files (x86)/stm32cubeide_1.4.0/stm32cubeide/plugins/com.st.stm32cube.ide.mcu.externaltools.gnu-tools-for-stm32.7-2018-q2-update.win32_1.4.0.202007081208/tools/bin/../lib/gcc/arm-none-eabi/7.3.1/thumb/v7-m/crtbegin.o
                0x0000000008001918                PROVIDE (__init_array_end = .)
                0x0000000008001918                . = ALIGN (0x4)

.fini_array     0x0000000008001918        0x4
                0x0000000008001918                . = ALIGN (0x4)
                [!provide]                        PROVIDE (__fini_array_start = .)
 *(SORT_BY_NAME(.fini_array.*))
 *(.fini_array*)
 .fini_array    0x0000000008001918        0x4 c:/program files (x86)/stm32cubeide_1.4.0/stm32cubeide/plugins/com.st.stm32cube.ide.mcu.externaltools.gnu-tools-for-stm32.7-2018-q2-update.win32_1.4.0.202007081208/tools/bin/../lib/gcc/arm-none-eabi/7.3.1/thumb/v7-m/crtbegin.o
                [!provide]                        PROVIDE (__fini_array_end = .)
                0x000000000800191c                . = ALIGN (0x4)
                0x000000000800191c                _sidata = LOADADDR (.data)

.data           0x0000000020000000        0x8 load address 0x000000000800191c
                0x0000000020000000                . = ALIGN (0x4)
                0x0000000020000000                _sdata = .
 *(.data)
 *(.data*)
 .data.uxTopUsedPriority
                0x0000000020000000        0x4 FreeRTOS/tasks.o
                0x0000000020000000                uxTopUsedPriority
 .data.uxCriticalNesting
                0x0000000020000004        0x4 FreeRTOS/portable/GCC/ARM_CM3/port.o
                0x0000000020000008                . = ALIGN (0x4)
                0x0000000020000008                _edata = .

.igot.plt       0x0000000020000008        0x0 load address 0x0000000008001924
 .igot.plt      0x0000000020000008        0x0 c:/program files (x86)/stm32cubeide_1.4.0/stm32cubeide/plugins/com.st.stm32cube.ide.mcu.externaltools.gnu-tools-for-stm32.7-2018-q2-update.win32_1.4.0.202007081208/tools/bin/../lib/gcc/arm-none-eabi/7.3.1/thumb/v7-m/crtbegin.o
                0x0000000020000008                . = ALIGN (0x4)

.bss            0x0000000020000008     0x2194 load address 0x0000000008001924
                0x0000000020000008                _sbss = .
                0x0000000020000008                __bss_start__ = _sbss
 *(.bss)
 .bss           0x0000000020000008       0x1c c:/program files (x86)/stm32cubeide_1.4.0/stm32cubeide/plugins/com.st.stm32cube.ide.mcu.externaltools.gnu-tools-for-stm32.7-2018-q2-update.win32_1.4.0.202007081208/tools/bin/../lib/gcc/arm-none-eabi/7.3.1/thumb/v7-m/crtbegin.o
 *(.bss*)
 .bss.pxCurrentTCB
                0x0000000020000024        0x4 FreeRTOS/tasks.o
                0x0000000020000024                pxCurrentTCB
 .bss.pxReadyTasksLists
                0x0000000020000028       0x64 FreeRTOS/tasks.o
 .bss.xDelayedTaskList1
                0x000000002000008c       0x14 FreeRTOS/tasks.o
 .bss.xDelayedTaskList2
                0x00000000200000a0       0x14 FreeRTOS/tasks.o
 .bss.pxDelayedTaskList
                0x00000000200000b4        0x4 FreeRTOS/tasks.o
 .bss.pxOverflowDelayedTaskList
                0x00000000200000b8        0x4 FreeRTOS/tasks.o
 .bss.xPendingReadyList
                0x00000000200000bc       0x14 FreeRTOS/tasks.o
 .bss.xTasksWaitingTermination
                0x00000000200000d0       0x14 FreeRTOS/tasks.o
 .bss.uxDeletedTasksWaitingCleanUp
                0x00000000200000e4        0x4 FreeRTOS/tasks.o
 .bss.xSuspendedTaskList
                0x00000000200000e8       0x14 FreeRTOS/tasks.o
 .bss.uxCurrentNumberOfTasks
                0x00000000200000fc        0x4 FreeRTOS/tasks.o
 .bss.xTickCount
                0x0000000020000100        0x4 FreeRTOS/tasks.o
 .bss.uxTopReadyPriority
                0x0000000020000104        0x4 FreeRTOS/tasks.o
 .bss.xSchedulerRunning
                0x0000000020000108        0x4 FreeRTOS/tasks.o
 .bss.xPendedTicks
                0x000000002000010c        0x4 FreeRTOS/tasks.o
 .bss.xYieldPending
                0x0000000020000110        0x4 FreeRTOS/tasks.o
 .bss.xNumOfOverflows
                0x0000000020000114        0x4 FreeRTOS/tasks.o
 .bss.uxTaskNumber
                0x0000000020000118        0x4 FreeRTOS/tasks.o
 .bss.xNextTaskUnblockTime
                0x000000002000011c        0x4 FreeRTOS/tasks.o
 .bss.xIdleTaskHandle
                0x0000000020000120        0x4 FreeRTOS/tasks.o
 .bss.uxSchedulerSuspended
                0x0000000020000124        0x4 FreeRTOS/tasks.o
 .bss.ucHeap    0x0000000020000128     0x2000 FreeRTOS/portable/MemMang/heap_4.o
 .bss.xStart    0x0000000020002128        0x8 FreeRTOS/portable/MemMang/heap_4.o
 .bss.pxEnd     0x0000000020002130        0x4 FreeRTOS/portable/MemMang/heap_4.o
 .bss.xFreeBytesRemaining
                0x0000000020002134        0x4 FreeRTOS/portable/MemMang/heap_4.o
 .bss.xMinimumEverFreeBytesRemaining
                0x0000000020002138        0x4 FreeRTOS/portable/MemMang/heap_4.o
 .bss.xNumberOfSuccessfulAllocations
                0x000000002000213c        0x4 FreeRTOS/portable/MemMang/heap_4.o
 .bss.xNumberOfSuccessfulFrees
                0x0000000020002140        0x4 FreeRTOS/portable/MemMang/heap_4.o
 .bss.xBlockAllocatedBit
                0x0000000020002144        0x4 FreeRTOS/portable/MemMang/heap_4.o
 .bss.Global_SPI_Congig
                0x0000000020002148        0x8 STM32F103C6_Drivers/SPI_DRIVER_STM32F103C6.o
                0x0000000020002148                Global_SPI_Congig
 .bss.Global_UART_Config
                0x0000000020002150        0xc STM32F103C6_Drivers/USART_DRIVER_STM32F103C6.o
                0x0000000020002150                Global_UART_Config
 .bss.vBlinkingLED
                0x000000002000215c        0x4 Src/main.o
                0x000000002000215c                vBlinkingLED
 *(COMMON)
 COMMON         0x0000000020002160       0x3c STM32F103C6_Drivers/EXTI_DRIVER_STM32F103C6.o
                0x0000000020002160                GP_IRQ_CallBack
                0x000000002000219c                . = ALIGN (0x4)
                0x000000002000219c                _ebss = .
                0x000000002000219c                __bss_end__ = _ebss

._user_heap_stack
                0x000000002000219c      0x604 load address 0x0000000008001924
                0x00000000200021a0                . = ALIGN (0x8)
 *fill*         0x000000002000219c        0x4 
                [!provide]                        PROVIDE (end = .)
                0x00000000200021a0                PROVIDE (_end = .)
                0x00000000200023a0                . = (. + _Min_Heap_Size)
 *fill*         0x00000000200021a0      0x200 
                0x00000000200027a0                . = (. + _Min_Stack_Size)
 *fill*         0x00000000200023a0      0x400 
                0x00000000200027a0                . = ALIGN (0x8)

/DISCARD/
 libc.a(*)
 libm.a(*)
 libgcc.a(*)

.ARM.attributes
                0x0000000000000000       0x29
 *(.ARM.attributes)
 .ARM.attributes
                0x0000000000000000       0x1d c:/program files (x86)/stm32cubeide_1.4.0/stm32cubeide/plugins/com.st.stm32cube.ide.mcu.externaltools.gnu-tools-for-stm32.7-2018-q2-update.win32_1.4.0.202007081208/tools/bin/../lib/gcc/arm-none-eabi/7.3.1/thumb/v7-m/crti.o
 .ARM.attributes
                0x000000000000001d       0x2d c:/program files (x86)/stm32cubeide_1.4.0/stm32cubeide/plugins/com.st.stm32cube.ide.mcu.externaltools.gnu-tools-for-stm32.7-2018-q2-update.win32_1.4.0.202007081208/tools/bin/../lib/gcc/arm-none-eabi/7.3.1/thumb/v7-m/crtbegin.o
 .ARM.attributes
                0x000000000000004a       0x33 FreeRTOS/list.o
 .ARM.attributes
                0x000000000000007d       0x33 FreeRTOS/tasks.o
 .ARM.attributes
                0x00000000000000b0       0x33 FreeRTOS/portable/GCC/ARM_CM3/port.o
 .ARM.attributes
                0x00000000000000e3       0x33 FreeRTOS/portable/MemMang/heap_4.o
 .ARM.attributes
                0x0000000000000116       0x33 STM32F103C6_Drivers/EXTI_DRIVER_STM32F103C6.o
 .ARM.attributes
                0x0000000000000149       0x33 STM32F103C6_Drivers/GPIO_DRIVER_STM32F103C6.o
 .ARM.attributes
                0x000000000000017c       0x33 STM32F103C6_Drivers/I2C_DRIVER_STM32F103C6.o
 .ARM.attributes
                0x00000000000001af       0x33 STM32F103C6_Drivers/SPI_DRIVER_STM32F103C6.o
 .ARM.attributes
                0x00000000000001e2       0x33 STM32F103C6_Drivers/USART_DRIVER_STM32F103C6.o
 .ARM.attributes
                0x0000000000000215       0x33 Src/main.o
 .ARM.attributes
                0x0000000000000248       0x21 Startup/startup_stm32f103c6tx.o
 .ARM.attributes
                0x0000000000000269       0x2d c:/program files (x86)/stm32cubeide_1.4.0/stm32cubeide/plugins/com.st.stm32cube.ide.mcu.externaltools.gnu-tools-for-stm32.7-2018-q2-update.win32_1.4.0.202007081208/tools/bin/../lib/gcc/arm-none-eabi/7.3.1/../../../../arm-none-eabi/lib/thumb/v7-m\libc_nano.a(lib_a-init.o)
 .ARM.attributes
                0x0000000000000296       0x2d c:/program files (x86)/stm32cubeide_1.4.0/stm32cubeide/plugins/com.st.stm32cube.ide.mcu.externaltools.gnu-tools-for-stm32.7-2018-q2-update.win32_1.4.0.202007081208/tools/bin/../lib/gcc/arm-none-eabi/7.3.1/../../../../arm-none-eabi/lib/thumb/v7-m\libc_nano.a(lib_a-memset.o)
 .ARM.attributes
                0x00000000000002c3       0x1d c:/program files (x86)/stm32cubeide_1.4.0/stm32cubeide/plugins/com.st.stm32cube.ide.mcu.externaltools.gnu-tools-for-stm32.7-2018-q2-update.win32_1.4.0.202007081208/tools/bin/../lib/gcc/arm-none-eabi/7.3.1/thumb/v7-m/crtn.o
OUTPUT(RTOS_Blinking_LED.elf elf32-littlearm)

.debug_info     0x0000000000000000     0x88d4
 .debug_info    0x0000000000000000      0xac0 FreeRTOS/list.o
 .debug_info    0x0000000000000ac0     0x201c FreeRTOS/tasks.o
 .debug_info    0x0000000000002adc      0x2df FreeRTOS/portable/GCC/ARM_CM3/port.o
 .debug_info    0x0000000000002dbb      0xc0f FreeRTOS/portable/MemMang/heap_4.o
 .debug_info    0x00000000000039ca      0xc59 STM32F103C6_Drivers/EXTI_DRIVER_STM32F103C6.o
 .debug_info    0x0000000000004623      0xc73 STM32F103C6_Drivers/GPIO_DRIVER_STM32F103C6.o
 .debug_info    0x0000000000005296     0x10a5 STM32F103C6_Drivers/I2C_DRIVER_STM32F103C6.o
 .debug_info    0x000000000000633b      0xdaf STM32F103C6_Drivers/SPI_DRIVER_STM32F103C6.o
 .debug_info    0x00000000000070ea      0xd15 STM32F103C6_Drivers/USART_DRIVER_STM32F103C6.o
 .debug_info    0x0000000000007dff      0xab3 Src/main.o
 .debug_info    0x00000000000088b2       0x22 Startup/startup_stm32f103c6tx.o

.debug_abbrev   0x0000000000000000     0x16e3
 .debug_abbrev  0x0000000000000000      0x1cf FreeRTOS/list.o
 .debug_abbrev  0x00000000000001cf      0x336 FreeRTOS/tasks.o
 .debug_abbrev  0x0000000000000505      0x1cb FreeRTOS/portable/GCC/ARM_CM3/port.o
 .debug_abbrev  0x00000000000006d0      0x23d FreeRTOS/portable/MemMang/heap_4.o
 .debug_abbrev  0x000000000000090d      0x21d STM32F103C6_Drivers/EXTI_DRIVER_STM32F103C6.o
 .debug_abbrev  0x0000000000000b2a      0x23f STM32F103C6_Drivers/GPIO_DRIVER_STM32F103C6.o
 .debug_abbrev  0x0000000000000d69      0x287 STM32F103C6_Drivers/I2C_DRIVER_STM32F103C6.o
 .debug_abbrev  0x0000000000000ff0      0x276 STM32F103C6_Drivers/SPI_DRIVER_STM32F103C6.o
 .debug_abbrev  0x0000000000001266      0x28d STM32F103C6_Drivers/USART_DRIVER_STM32F103C6.o
 .debug_abbrev  0x00000000000014f3      0x1de Src/main.o
 .debug_abbrev  0x00000000000016d1       0x12 Startup/startup_stm32f103c6tx.o

.debug_aranges  0x0000000000000000      0x530
 .debug_aranges
                0x0000000000000000       0x40 FreeRTOS/list.o
 .debug_aranges
                0x0000000000000040      0x188 FreeRTOS/tasks.o
 .debug_aranges
                0x00000000000001c8       0x70 FreeRTOS/portable/GCC/ARM_CM3/port.o
 .debug_aranges
                0x0000000000000238       0x58 FreeRTOS/portable/MemMang/heap_4.o
 .debug_aranges
                0x0000000000000290       0x80 STM32F103C6_Drivers/EXTI_DRIVER_STM32F103C6.o
 .debug_aranges
                0x0000000000000310       0x68 STM32F103C6_Drivers/GPIO_DRIVER_STM32F103C6.o
 .debug_aranges
                0x0000000000000378       0x98 STM32F103C6_Drivers/I2C_DRIVER_STM32F103C6.o
 .debug_aranges
                0x0000000000000410       0x58 STM32F103C6_Drivers/SPI_DRIVER_STM32F103C6.o
 .debug_aranges
                0x0000000000000468       0x68 STM32F103C6_Drivers/USART_DRIVER_STM32F103C6.o
 .debug_aranges
                0x00000000000004d0       0x38 Src/main.o
 .debug_aranges
                0x0000000000000508       0x28 Startup/startup_stm32f103c6tx.o

.debug_ranges   0x0000000000000000      0x488
 .debug_ranges  0x0000000000000000       0x30 FreeRTOS/list.o
 .debug_ranges  0x0000000000000030      0x178 FreeRTOS/tasks.o
 .debug_ranges  0x00000000000001a8       0x60 FreeRTOS/portable/GCC/ARM_CM3/port.o
 .debug_ranges  0x0000000000000208       0x48 FreeRTOS/portable/MemMang/heap_4.o
 .debug_ranges  0x0000000000000250       0x70 STM32F103C6_Drivers/EXTI_DRIVER_STM32F103C6.o
 .debug_ranges  0x00000000000002c0       0x58 STM32F103C6_Drivers/GPIO_DRIVER_STM32F103C6.o
 .debug_ranges  0x0000000000000318       0x88 STM32F103C6_Drivers/I2C_DRIVER_STM32F103C6.o
 .debug_ranges  0x00000000000003a0       0x48 STM32F103C6_Drivers/SPI_DRIVER_STM32F103C6.o
 .debug_ranges  0x00000000000003e8       0x58 STM32F103C6_Drivers/USART_DRIVER_STM32F103C6.o
 .debug_ranges  0x0000000000000440       0x28 Src/main.o
 .debug_ranges  0x0000000000000468       0x20 Startup/startup_stm32f103c6tx.o

.debug_macro    0x0000000000000000     0x205a
 .debug_macro   0x0000000000000000      0x18b FreeRTOS/list.o
 .debug_macro   0x000000000000018b      0x271 FreeRTOS/tasks.o
 .debug_macro   0x00000000000003fc       0x10 FreeRTOS/tasks.o
 .debug_macro   0x000000000000040c      0x177 FreeRTOS/portable/GCC/ARM_CM3/port.o
 .debug_macro   0x0000000000000583      0x1a6 FreeRTOS/portable/MemMang/heap_4.o
 .debug_macro   0x0000000000000729      0x152 STM32F103C6_Drivers/EXTI_DRIVER_STM32F103C6.o
 .debug_macro   0x000000000000087b      0x6b8 STM32F103C6_Drivers/EXTI_DRIVER_STM32F103C6.o
 .debug_macro   0x0000000000000f33       0xd6 STM32F103C6_Drivers/EXTI_DRIVER_STM32F103C6.o
 .debug_macro   0x0000000000001009      0x217 STM32F103C6_Drivers/EXTI_DRIVER_STM32F103C6.o
 .debug_macro   0x0000000000001220      0x143 STM32F103C6_Drivers/GPIO_DRIVER_STM32F103C6.o
 .debug_macro   0x0000000000001363       0xd0 STM32F103C6_Drivers/GPIO_DRIVER_STM32F103C6.o
 .debug_macro   0x0000000000001433      0x178 STM32F103C6_Drivers/I2C_DRIVER_STM32F103C6.o
 .debug_macro   0x00000000000015ab      0x21d STM32F103C6_Drivers/I2C_DRIVER_STM32F103C6.o
 .debug_macro   0x00000000000017c8       0x16 STM32F103C6_Drivers/I2C_DRIVER_STM32F103C6.o
 .debug_macro   0x00000000000017de       0xe8 STM32F103C6_Drivers/I2C_DRIVER_STM32F103C6.o
 .debug_macro   0x00000000000018c6       0xdb STM32F103C6_Drivers/I2C_DRIVER_STM32F103C6.o
 .debug_macro   0x00000000000019a1       0x61 STM32F103C6_Drivers/I2C_DRIVER_STM32F103C6.o
 .debug_macro   0x0000000000001a02      0x17b STM32F103C6_Drivers/SPI_DRIVER_STM32F103C6.o
 .debug_macro   0x0000000000001b7d       0xd5 STM32F103C6_Drivers/SPI_DRIVER_STM32F103C6.o
 .debug_macro   0x0000000000001c52      0x15a STM32F103C6_Drivers/USART_DRIVER_STM32F103C6.o
 .debug_macro   0x0000000000001dac       0xe2 STM32F103C6_Drivers/USART_DRIVER_STM32F103C6.o
 .debug_macro   0x0000000000001e8e      0x1cc Src/main.o

.debug_line     0x0000000000000000     0x5a67
 .debug_line    0x0000000000000000      0x7c5 FreeRTOS/list.o
 .debug_line    0x00000000000007c5      0xfde FreeRTOS/tasks.o
 .debug_line    0x00000000000017a3      0x667 FreeRTOS/portable/GCC/ARM_CM3/port.o
 .debug_line    0x0000000000001e0a      0x887 FreeRTOS/portable/MemMang/heap_4.o
 .debug_line    0x0000000000002691      0x893 STM32F103C6_Drivers/EXTI_DRIVER_STM32F103C6.o
 .debug_line    0x0000000000002f24      0x7e9 STM32F103C6_Drivers/GPIO_DRIVER_STM32F103C6.o
 .debug_line    0x000000000000370d      0x97f STM32F103C6_Drivers/I2C_DRIVER_STM32F103C6.o
 .debug_line    0x000000000000408c      0x85a STM32F103C6_Drivers/SPI_DRIVER_STM32F103C6.o
 .debug_line    0x00000000000048e6      0x893 STM32F103C6_Drivers/USART_DRIVER_STM32F103C6.o
 .debug_line    0x0000000000005179      0x86a Src/main.o
 .debug_line    0x00000000000059e3       0x84 Startup/startup_stm32f103c6tx.o

.debug_str      0x0000000000000000    0x1355d
 .debug_str     0x0000000000000000     0xa9cf FreeRTOS/list.o
                                       0xac4e (size before relaxing)
 .debug_str     0x000000000000a9cf     0x2c65 FreeRTOS/tasks.o
                                       0xd8ae (size before relaxing)
 .debug_str     0x000000000000d634      0x5fc FreeRTOS/portable/GCC/ARM_CM3/port.o
                                       0x93a4 (size before relaxing)
 .debug_str     0x000000000000dc30      0x30e FreeRTOS/portable/MemMang/heap_4.o
                                       0xc0a9 (size before relaxing)
 .debug_str     0x000000000000df3e     0x3c26 STM32F103C6_Drivers/EXTI_DRIVER_STM32F103C6.o
                                       0xab77 (size before relaxing)
 .debug_str     0x0000000000011b64      0x17a STM32F103C6_Drivers/GPIO_DRIVER_STM32F103C6.o
                                       0x97a0 (size before relaxing)
 .debug_str     0x0000000000011cde     0x137d STM32F103C6_Drivers/I2C_DRIVER_STM32F103C6.o
                                       0xbce4 (size before relaxing)
 .debug_str     0x000000000001305b      0x2a4 STM32F103C6_Drivers/SPI_DRIVER_STM32F103C6.o
                                       0xb85b (size before relaxing)
 .debug_str     0x00000000000132ff      0x1d6 STM32F103C6_Drivers/USART_DRIVER_STM32F103C6.o
                                       0xb21b (size before relaxing)
 .debug_str     0x00000000000134d5       0x57 Src/main.o
                                       0xf7e9 (size before relaxing)
 .debug_str     0x000000000001352c       0x31 Startup/startup_stm32f103c6tx.o
                                         0x75 (size before relaxing)

.comment        0x0000000000000000       0x7b
 .comment       0x0000000000000000       0x7b FreeRTOS/list.o
                                         0x7c (size before relaxing)
 .comment       0x000000000000007b       0x7c FreeRTOS/tasks.o
 .comment       0x000000000000007b       0x7c FreeRTOS/portable/GCC/ARM_CM3/port.o
 .comment       0x000000000000007b       0x7c FreeRTOS/portable/MemMang/heap_4.o
 .comment       0x000000000000007b       0x7c STM32F103C6_Drivers/EXTI_DRIVER_STM32F103C6.o
 .comment       0x000000000000007b       0x7c STM32F103C6_Drivers/GPIO_DRIVER_STM32F103C6.o
 .comment       0x000000000000007b       0x7c STM32F103C6_Drivers/I2C_DRIVER_STM32F103C6.o
 .comment       0x000000000000007b       0x7c STM32F103C6_Drivers/SPI_DRIVER_STM32F103C6.o
 .comment       0x000000000000007b       0x7c STM32F103C6_Drivers/USART_DRIVER_STM32F103C6.o
 .comment       0x000000000000007b       0x7c Src/main.o

.debug_frame    0x0000000000000000     0x134c
 .debug_frame   0x0000000000000000       0xd8 FreeRTOS/list.o
 .debug_frame   0x00000000000000d8      0x6a4 FreeRTOS/tasks.o
 .debug_frame   0x000000000000077c      0x160 FreeRTOS/portable/GCC/ARM_CM3/port.o
 .debug_frame   0x00000000000008dc      0x12c FreeRTOS/portable/MemMang/heap_4.o
 .debug_frame   0x0000000000000a08      0x1b0 STM32F103C6_Drivers/EXTI_DRIVER_STM32F103C6.o
 .debug_frame   0x0000000000000bb8      0x1a0 STM32F103C6_Drivers/GPIO_DRIVER_STM32F103C6.o
 .debug_frame   0x0000000000000d58      0x260 STM32F103C6_Drivers/I2C_DRIVER_STM32F103C6.o
 .debug_frame   0x0000000000000fb8      0x148 STM32F103C6_Drivers/SPI_DRIVER_STM32F103C6.o
 .debug_frame   0x0000000000001100      0x16c STM32F103C6_Drivers/USART_DRIVER_STM32F103C6.o
 .debug_frame   0x000000000000126c       0x94 Src/main.o
 .debug_frame   0x0000000000001300       0x2c c:/program files (x86)/stm32cubeide_1.4.0/stm32cubeide/plugins/com.st.stm32cube.ide.mcu.externaltools.gnu-tools-for-stm32.7-2018-q2-update.win32_1.4.0.202007081208/tools/bin/../lib/gcc/arm-none-eabi/7.3.1/../../../../arm-none-eabi/lib/thumb/v7-m\libc_nano.a(lib_a-init.o)
 .debug_frame   0x000000000000132c       0x20 c:/program files (x86)/stm32cubeide_1.4.0/stm32cubeide/plugins/com.st.stm32cube.ide.mcu.externaltools.gnu-tools-for-stm32.7-2018-q2-update.win32_1.4.0.202007081208/tools/bin/../lib/gcc/arm-none-eabi/7.3.1/../../../../arm-none-eabi/lib/thumb/v7-m\libc_nano.a(lib_a-memset.o)
