Archive member included to satisfy reference by file (symbol)

c:/program files (x86)/stm32cubeide_1.4.0/stm32cubeide/plugins/com.st.stm32cube.ide.mcu.externaltools.gnu-tools-for-stm32.7-2018-q2-update.win32_1.4.0.202007081208/tools/bin/../lib/gcc/arm-none-eabi/7.3.1/../../../../arm-none-eabi/lib/thumb/v7-m\libc_nano.a(lib_a-errno.o)
                              Src/syscalls.o (__errno)
c:/program files (x86)/stm32cubeide_1.4.0/stm32cubeide/plugins/com.st.stm32cube.ide.mcu.externaltools.gnu-tools-for-stm32.7-2018-q2-update.win32_1.4.0.202007081208/tools/bin/../lib/gcc/arm-none-eabi/7.3.1/../../../../arm-none-eabi/lib/thumb/v7-m\libc_nano.a(lib_a-exit.o)
                              c:/program files (x86)/stm32cubeide_1.4.0/stm32cubeide/plugins/com.st.stm32cube.ide.mcu.externaltools.gnu-tools-for-stm32.7-2018-q2-update.win32_1.4.0.202007081208/tools/bin/../lib/gcc/arm-none-eabi/7.3.1/../../../../arm-none-eabi/lib/thumb/v7-m/crt0.o (exit)
c:/program files (x86)/stm32cubeide_1.4.0/stm32cubeide/plugins/com.st.stm32cube.ide.mcu.externaltools.gnu-tools-for-stm32.7-2018-q2-update.win32_1.4.0.202007081208/tools/bin/../lib/gcc/arm-none-eabi/7.3.1/../../../../arm-none-eabi/lib/thumb/v7-m\libc_nano.a(lib_a-impure.o)
                              c:/program files (x86)/stm32cubeide_1.4.0/stm32cubeide/plugins/com.st.stm32cube.ide.mcu.externaltools.gnu-tools-for-stm32.7-2018-q2-update.win32_1.4.0.202007081208/tools/bin/../lib/gcc/arm-none-eabi/7.3.1/../../../../arm-none-eabi/lib/thumb/v7-m\libc_nano.a(lib_a-exit.o) (_global_impure_ptr)
c:/program files (x86)/stm32cubeide_1.4.0/stm32cubeide/plugins/com.st.stm32cube.ide.mcu.externaltools.gnu-tools-for-stm32.7-2018-q2-update.win32_1.4.0.202007081208/tools/bin/../lib/gcc/arm-none-eabi/7.3.1/../../../../arm-none-eabi/lib/thumb/v7-m\libc_nano.a(lib_a-init.o)
                              c:/program files (x86)/stm32cubeide_1.4.0/stm32cubeide/plugins/com.st.stm32cube.ide.mcu.externaltools.gnu-tools-for-stm32.7-2018-q2-update.win32_1.4.0.202007081208/tools/bin/../lib/gcc/arm-none-eabi/7.3.1/../../../../arm-none-eabi/lib/thumb/v7-m/crt0.o (__libc_init_array)
c:/program files (x86)/stm32cubeide_1.4.0/stm32cubeide/plugins/com.st.stm32cube.ide.mcu.externaltools.gnu-tools-for-stm32.7-2018-q2-update.win32_1.4.0.202007081208/tools/bin/../lib/gcc/arm-none-eabi/7.3.1/../../../../arm-none-eabi/lib/thumb/v7-m\libc_nano.a(lib_a-memcpy-stub.o)
                              FreeRTOS/queue.o (memcpy)
c:/program files (x86)/stm32cubeide_1.4.0/stm32cubeide/plugins/com.st.stm32cube.ide.mcu.externaltools.gnu-tools-for-stm32.7-2018-q2-update.win32_1.4.0.202007081208/tools/bin/../lib/gcc/arm-none-eabi/7.3.1/../../../../arm-none-eabi/lib/thumb/v7-m\libc_nano.a(lib_a-memset.o)
                              c:/program files (x86)/stm32cubeide_1.4.0/stm32cubeide/plugins/com.st.stm32cube.ide.mcu.externaltools.gnu-tools-for-stm32.7-2018-q2-update.win32_1.4.0.202007081208/tools/bin/../lib/gcc/arm-none-eabi/7.3.1/../../../../arm-none-eabi/lib/thumb/v7-m/crt0.o (memset)

Allocating common symbols
Common symbol       size              file

Global_SPI_Congig2  0x18              STM32F103C6_Drivers/SPI_DRIVER_STM32F103C6.o
Global_SPI_Congig1  0x18              STM32F103C6_Drivers/SPI_DRIVER_STM32F103C6.o
GP_IRQ_CallBack     0x3c              STM32F103C6_Drivers/EXTI_DRIVER_STM32F103C6.o

Discarded input sections

 .text          0x0000000000000000        0x0 c:/program files (x86)/stm32cubeide_1.4.0/stm32cubeide/plugins/com.st.stm32cube.ide.mcu.externaltools.gnu-tools-for-stm32.7-2018-q2-update.win32_1.4.0.202007081208/tools/bin/../lib/gcc/arm-none-eabi/7.3.1/thumb/v7-m/crti.o
 .data          0x0000000000000000        0x0 c:/program files (x86)/stm32cubeide_1.4.0/stm32cubeide/plugins/com.st.stm32cube.ide.mcu.externaltools.gnu-tools-for-stm32.7-2018-q2-update.win32_1.4.0.202007081208/tools/bin/../lib/gcc/arm-none-eabi/7.3.1/thumb/v7-m/crti.o
 .bss           0x0000000000000000        0x0 c:/program files (x86)/stm32cubeide_1.4.0/stm32cubeide/plugins/com.st.stm32cube.ide.mcu.externaltools.gnu-tools-for-stm32.7-2018-q2-update.win32_1.4.0.202007081208/tools/bin/../lib/gcc/arm-none-eabi/7.3.1/thumb/v7-m/crti.o
 .data          0x0000000000000000        0x4 c:/program files (x86)/stm32cubeide_1.4.0/stm32cubeide/plugins/com.st.stm32cube.ide.mcu.externaltools.gnu-tools-for-stm32.7-2018-q2-update.win32_1.4.0.202007081208/tools/bin/../lib/gcc/arm-none-eabi/7.3.1/thumb/v7-m/crtbegin.o
 .text          0x0000000000000000       0x74 c:/program files (x86)/stm32cubeide_1.4.0/stm32cubeide/plugins/com.st.stm32cube.ide.mcu.externaltools.gnu-tools-for-stm32.7-2018-q2-update.win32_1.4.0.202007081208/tools/bin/../lib/gcc/arm-none-eabi/7.3.1/../../../../arm-none-eabi/lib/thumb/v7-m/crt0.o
[...]
Memory Configuration

Name             Origin             Length             Attributes
RAM              0x0000000020000000 0x0000000000002800 xrw
ROM              0x0000000008000000 0x0000000000008000 xr
*default*        0x0000000000000000 0xffffffffffffffff

Linker script and memory map

LOAD c:/program files (x86)/stm32cubeide_1.4.0/stm32cubeide/plugins/com.st.stm32cube.ide.mcu.externaltools.gnu-tools-for-stm32.7-2018-q2-update.win32_1.4.0.202007081208/tools/bin/../lib/gcc/arm-none-eabi/7.3.1/thumb/v7-m/crti.o
LOAD c:/program files (x86)/stm32cubeide_1.4.0/stm32cubeide/plugins/com.st.stm32cube.ide.mcu.externaltools.gnu-tools-for-stm32.7-2018-q2-update.win32_1.4.0.202007081208/tools/bin/../lib/gcc/arm-none-eabi/7.3.1/thumb/v7-m/crtbegin.o
LOAD c:/program files (x86)/stm32cubeide_1.4.0/stm32cubeide/plugins/com.st.stm32cube.ide.mcu.externaltools.gnu-tools-for-stm32.7-2018-q2-update.win32_1.4.0.202007081208/tools/bin/../lib/gcc/arm-none-eabi/7.3.1/../../../../arm-none-eabi/lib/thumb/v7-m/crt0.o
LOAD FreeRTOS/croutine.o
LOAD FreeRTOS/event_groups.o
LOAD FreeRTOS/list.o
LOAD FreeRTOS/queue.o
LOAD FreeRTOS/stream_buffer.o
LOAD FreeRTOS/tasks.o
LOAD FreeRTOS/timers.o
LOAD FreeRTOS/portable/GCC/ARM_CM3/port.o
LOAD FreeRTOS/portable/MemMang/heap_4.o
LOAD STM32F103C6_Drivers/EXTI_DRIVER_STM32F103C6.o
LOAD STM32F103C6_Drivers/GPIO_DRIVER_STM32F103C6.o
LOAD STM32F103C6_Drivers/I2C_DRIVER_STM32F103C6.o
LOAD STM32F103C6_Drivers/RCC_DRIVER_STM32F103C6.o
LOAD STM32F103C6_Drivers/SPI_DRIVER_STM32F103C6.o
LOAD STM32F103C6_Drivers/Timer.o
LOAD STM32F103C6_Drivers/USART_DRIVER_STM32F103C6.o
LOAD Src/main.o
LOAD Src/syscalls.o
LOAD Src/sysmem.o
LOAD Startup/startup_stm32f103c6tx.o
START GROUP
LOAD c:/program files (x86)/stm32cubeide_1.4.0/stm32cubeide/plugins/com.st.stm32cube.ide.mcu.externaltools.gnu-tools-for-stm32.7-2018-q2-update.win32_1.4.0.202007081208/tools/bin/../lib/gcc/arm-none-eabi/7.3.1/../../../../arm-none-eabi/lib/thumb/v7-m\libc_nano.a
LOAD c:/program files (x86)/stm32cubeide_1.4.0/stm32cubeide/plugins/com.st.stm32cube.ide.mcu.externaltools.gnu-tools-for-stm32.7-2018-q2-update.win32_1.4.0.202007081208/tools/bin/../lib/gcc/arm-none-eabi/7.3.1/../../../../arm-none-eabi/lib/thumb/v7-m\libm.a
END GROUP
START GROUP
LOAD c:/program files (x86)/stm32cubeide_1.4.0/stm32cubeide/plugins/com.st.stm32cube.ide.mcu.externaltools.gnu-tools-for-stm32.7-2018-q2-update.win32_1.4.0.202007081208/tools/bin/../lib/gcc/arm-none-eabi/7.3.1/thumb/v7-m\libgcc.a
LOAD c:/program files (x86)/stm32cubeide_1.4.0/stm32cubeide/plugins/com.st.stm32cube.ide.mcu.externaltools.gnu-tools-for-stm32.7-2018-q2-update.win32_1.4.0.202007081208/tools/bin/../lib/gcc/arm-none-eabi/7.3.1/../../../../arm-none-eabi/lib/thumb/v7-m\libc_nano.a
END GROUP
START GROUP
LOAD c:/program files (x86)/stm32cubeide_1.4.0/stm32cubeide/plugins/com.st.stm32cube.ide.mcu.externaltools.gnu-tools-for-stm32.7-2018-q2-update.win32_1.4.0.202007081208/tools/bin/../lib/gcc/arm-none-eabi/7.3.1/thumb/v7-m\libgcc.a
LOAD c:/program files (x86)/stm32cubeide_1.4.0/stm32cubeide/plugins/com.st.stm32cube.ide.mcu.externaltools.gnu-tools-for-stm32.7-2018-q2-update.win32_1.4.0.202007081208/tools/bin/../lib/gcc/arm-none-eabi/7.3.1/../../../../arm-none-eabi/lib/thumb/v7-m\libc_nano.a
LOAD c:/program files (x86)/stm32cubeide_1.4.0/stm32cubeide/plugins/com.st.stm32cube.ide.mcu.externaltools.gnu-tools-for-stm32.7-2018-q2-update.win32_1.4.0.202007081208/tools/bin/../lib/gcc/arm-none-eabi/7.3.1/../../../../arm-none-eabi/lib/thumb/v7-m\libnosys.a
END GROUP
START GROUP
LOAD c:/program files (x86)/stm32cubeide_1.4.0/stm32cubeide/plugins/com.st.stm32cube.ide.mcu.externaltools.gnu-tools-for-stm32.7-2018-q2-update.win32_1.4.0.202007081208/tools/bin/../lib/gcc/arm-none-eabi/7.3.1/thumb/v7-m\libgcc.a
LOAD c:/program files (x86)/stm32cubeide_1.4.0/stm32cubeide/plugins/com.st.stm32cube.ide.mcu.externaltools.gnu-tools-for-stm32.7-2018-q2-update.win32_1.4.0.202007081208/tools/bin/../lib/gcc/arm-none-eabi/7.3.1/../../../../arm-none-eabi/lib/thumb/v7-m\libc_nano.a
LOAD c:/program files (x86)/stm32cubeide_1.4.0/stm32cubeide/plugins/com.st.stm32cube.ide.mcu.externaltools.gnu-tools-for-stm32.7-2018-q2-update.win32_1.4.0.202007081208/tools/bin/../lib/gcc/arm-none-eabi/7.3.1/../../../../arm-none-eabi/lib/thumb/v7-m\libnosys.a
END GROUP
LOAD c:/program files (x86)/stm32cubeide_1.4.0/stm32cubeide/plugins/com.st.stm32cube.ide.mcu.externaltools.gnu-tools-for-stm32.7-2018-q2-update.win32_1.4.0.202007081208/tools/bin/../lib/gcc/arm-none-eabi/7.3.1/thumb/v7-m/crtend.o
LOAD c:/program files (x86)/stm32cubeide_1.4.0/stm32cubeide/plugins/com.st.stm32cube.ide.mcu.externaltools.gnu-tools-for-stm32.7-2018-q2-update.win32_1.4.0.202007081208/tools/bin/../lib/gcc/arm-none-eabi/7.3.1/thumb/v7-m/crtn.o
                0x0000000020002800                _estack = (ORIGIN (RAM) + LENGTH (RAM))
                0x0000000000000200                _Min_Heap_Size = 0x200
                0x0000000000000400                _Min_Stack_Size = 0x400

.isr_vector     0x0000000008000000      0x130
                0x0000000008000000                . = ALIGN (0x4)
 *(.isr_vector)
 .isr_vector    0x0000000008000000      0x130 Startup/startup_stm32f103c6tx.o
                0x0000000008000000                g_pfnVectors
                0x0000000008000130                . = ALIGN (0x4)

.text           0x0000000008000130     0x2168
                0x0000000008000130                . = ALIGN (0x4)
 *(.text)
 .text          0x0000000008000130       0x40 c:/program files (x86)/stm32cubeide_1.4.0/stm32cubeide/plugins/com.st.stm32cube.ide.mcu.externaltools.gnu-tools-for-stm32.7-2018-q2-update.win32_1.4.0.202007081208/tools/bin/../lib/gcc/arm-none-eabi/7.3.1/thumb/v7-m/crtbegin.o
 *(.text*)
 .text.vListInitialise
                0x0000000008000170       0x3e FreeRTOS/list.o
                0x0000000008000170                vListInitialise
 .text.vListInitialiseItem
                0x00000000080001ae       0x18 FreeRTOS/list.o
                0x00000000080001ae                vListInitialiseItem
 .text.vListInsert
                0x00000000080001c6       0x70 FreeRTOS/list.o
                0x00000000080001c6                vListInsert
 .text.uxListRemove
                0x0000000008000236       0x52 FreeRTOS/list.o
                0x0000000008000236                uxListRemove
 .text.xQueueGenericReset
                0x0000000008000288       0xf4 FreeRTOS/queue.o
                0x0000000008000288                xQueueGenericReset
 .text.xQueueGenericCreate
                0x000000000800037c       0x8a FreeRTOS/queue.o
                0x000000000800037c                xQueueGenericCreate
 .text.prvInitialiseNewQueue
                0x0000000008000406       0x3e FreeRTOS/queue.o
 .text.xQueueGenericSend
                0x0000000008000444      0x154 FreeRTOS/queue.o
                0x0000000008000444                xQueueGenericSend
 .text.xQueueSemaphoreTake
                0x0000000008000598      0x13c FreeRTOS/queue.o
                0x0000000008000598                xQueueSemaphoreTake
 .text.prvCopyDataToQueue
                0x00000000080006d4       0xb8 FreeRTOS/queue.o
 .text.prvUnlockQueue
                0x000000000800078c       0xa4 FreeRTOS/queue.o
 .text.prvIsQueueEmpty
                0x0000000008000830       0x2c FreeRTOS/queue.o
 .text.prvIsQueueFull
                0x000000000800085c       0x30 FreeRTOS/queue.o
 .text.xTaskCreate
                0x000000000800088c       0x82 FreeRTOS/tasks.o
                0x000000000800088c                xTaskCreate
 .text.prvInitialiseNewTask
                0x000000000800090e       0xf0 FreeRTOS/tasks.o
 *fill*         0x00000000080009fe        0x2 
 .text.prvAddNewTaskToReadyList
                0x0000000008000a00      0x124 FreeRTOS/tasks.o
 .text.vTaskDelay
                0x0000000008000b24       0x48 FreeRTOS/tasks.o
                0x0000000008000b24                vTaskDelay
 .text.vTaskStartScheduler
                0x0000000008000b6c       0x74 FreeRTOS/tasks.o
                0x0000000008000b6c                vTaskStartScheduler
 .text.vTaskSuspendAll
                0x0000000008000be0       0x1c FreeRTOS/tasks.o
                0x0000000008000be0                vTaskSuspendAll
 .text.xTaskResumeAll
                0x0000000008000bfc      0x1d8 FreeRTOS/tasks.o
                0x0000000008000bfc                xTaskResumeAll
 .text.xTaskIncrementTick
                0x0000000008000dd4      0x20c FreeRTOS/tasks.o
                0x0000000008000dd4                xTaskIncrementTick
 .text.vTaskSwitchContext
                0x0000000008000fe0       0x8c FreeRTOS/tasks.o
                0x0000000008000fe0                vTaskSwitchContext
 .text.vTaskPlaceOnEventList
                0x000000000800106c       0x2c FreeRTOS/tasks.o
                0x000000000800106c                vTaskPlaceOnEventList
 .text.xTaskRemoveFromEventList
                0x0000000008001098      0x190 FreeRTOS/tasks.o
                0x0000000008001098                xTaskRemoveFromEventList
 .text.vTaskInternalSetTimeOutState
                0x0000000008001228       0x2c FreeRTOS/tasks.o
                0x0000000008001228                vTaskInternalSetTimeOutState
 .text.xTaskCheckForTimeOut
                0x0000000008001254       0x94 FreeRTOS/tasks.o
                0x0000000008001254                xTaskCheckForTimeOut
 .text.vTaskMissedYield
                0x00000000080012e8       0x18 FreeRTOS/tasks.o
                0x00000000080012e8                vTaskMissedYield
 .text.prvIdleTask
                0x0000000008001300       0x30 FreeRTOS/tasks.o
 .text.prvInitialiseTaskLists
                0x0000000008001330       0x80 FreeRTOS/tasks.o
 .text.prvCheckTasksWaitingTermination
                0x00000000080013b0       0x58 FreeRTOS/tasks.o
 .text.prvDeleteTCB
                0x0000000008001408       0x20 FreeRTOS/tasks.o
 .text.prvResetNextTaskUnblockTime
                0x0000000008001428       0x34 FreeRTOS/tasks.o
 .text.prvAddCurrentTaskToDelayedList
                0x000000000800145c      0x100 FreeRTOS/tasks.o
 .text.pxPortInitialiseStack
                0x000000000800155c       0x58 FreeRTOS/portable/GCC/ARM_CM3/port.o
                0x000000000800155c                pxPortInitialiseStack
 .text.prvTaskExitError
                0x00000000080015b4       0x2e FreeRTOS/portable/GCC/ARM_CM3/port.o
 *fill*         0x00000000080015e2        0xe 
 .text.SVC_Handler
                0x00000000080015f0       0x28 FreeRTOS/portable/GCC/ARM_CM3/port.o
                0x00000000080015f0                SVC_Handler
 .text.prvPortStartFirstTask
                0x0000000008001618       0x24 FreeRTOS/portable/GCC/ARM_CM3/port.o
 .text.xPortStartScheduler
                0x000000000800163c       0x40 FreeRTOS/portable/GCC/ARM_CM3/port.o
                0x000000000800163c                xPortStartScheduler
 .text.vPortEnterCritical
                0x000000000800167c       0x30 FreeRTOS/portable/GCC/ARM_CM3/port.o
                0x000000000800167c                vPortEnterCritical
 .text.vPortExitCritical
                0x00000000080016ac       0x30 FreeRTOS/portable/GCC/ARM_CM3/port.o
                0x00000000080016ac                vPortExitCritical
 *fill*         0x00000000080016dc        0x4 
 .text.PendSV_Handler
                0x00000000080016e0       0x48 FreeRTOS/portable/GCC/ARM_CM3/port.o
                0x00000000080016e0                PendSV_Handler
 .text.SysTick_Handler
                0x0000000008001728       0x40 FreeRTOS/portable/GCC/ARM_CM3/port.o
                0x0000000008001728                SysTick_Handler
 .text.vPortSetupTimerInterrupt
                0x0000000008001768       0x34 FreeRTOS/portable/GCC/ARM_CM3/port.o
                0x0000000008001768                vPortSetupTimerInterrupt
 .text.pvPortMalloc
                0x000000000800179c      0x15c FreeRTOS/portable/MemMang/heap_4.o
                0x000000000800179c                pvPortMalloc
 .text.vPortFree
                0x00000000080018f8       0x80 FreeRTOS/portable/MemMang/heap_4.o
                0x00000000080018f8                vPortFree
 .text.prvHeapInit
                0x0000000008001978       0xc4 FreeRTOS/portable/MemMang/heap_4.o
 .text.prvInsertBlockIntoFreeList
                0x0000000008001a3c       0xb0 FreeRTOS/portable/MemMang/heap_4.o
 .text.EXTI0_IRQHandler
                0x0000000008001aec       0x24 STM32F103C6_Drivers/EXTI_DRIVER_STM32F103C6.o
                0x0000000008001aec                EXTI0_IRQHandler
 .text.EXTI1_IRQHandler
                0x0000000008001b10       0x24 STM32F103C6_Drivers/EXTI_DRIVER_STM32F103C6.o
                0x0000000008001b10                EXTI1_IRQHandler
 .text.EXTI2_IRQHandler
                0x0000000008001b34       0x24 STM32F103C6_Drivers/EXTI_DRIVER_STM32F103C6.o
                0x0000000008001b34                EXTI2_IRQHandler
 .text.EXTI3_IRQHandler
                0x0000000008001b58       0x24 STM32F103C6_Drivers/EXTI_DRIVER_STM32F103C6.o
                0x0000000008001b58                EXTI3_IRQHandler
 .text.EXTI4_IRQHandler
                0x0000000008001b7c       0x24 STM32F103C6_Drivers/EXTI_DRIVER_STM32F103C6.o
                0x0000000008001b7c                EXTI4_IRQHandler
 .text.EXTI9_5_IRQHandler
                0x0000000008001ba0       0xa8 STM32F103C6_Drivers/EXTI_DRIVER_STM32F103C6.o
                0x0000000008001ba0                EXTI9_5_IRQHandler
 .text.EXTI15_10_IRQHandler
                0x0000000008001c48       0xc4 STM32F103C6_Drivers/EXTI_DRIVER_STM32F103C6.o
                0x0000000008001c48                EXTI15_10_IRQHandler
 .text.Get_CRLH_Position
                0x0000000008001d0c       0xc6 STM32F103C6_Drivers/GPIO_DRIVER_STM32F103C6.o
                0x0000000008001d0c                Get_CRLH_Position
 .text.MCAL_GPIO_Init
                0x0000000008001dd2       0xfe STM32F103C6_Drivers/GPIO_DRIVER_STM32F103C6.o
                0x0000000008001dd2                MCAL_GPIO_Init
 .text.MCAL_GPIO_ReadPin
                0x0000000008001ed0       0x2e STM32F103C6_Drivers/GPIO_DRIVER_STM32F103C6.o
                0x0000000008001ed0                MCAL_GPIO_ReadPin
 .text.MCAL_GPIO_WritePin
                0x0000000008001efe       0x2e STM32F103C6_Drivers/GPIO_DRIVER_STM32F103C6.o
                0x0000000008001efe                MCAL_GPIO_WritePin
 .text.I2C1_EV_IRQHandler
                0x0000000008001f2c        0xc STM32F103C6_Drivers/I2C_DRIVER_STM32F103C6.o
                0x0000000008001f2c                I2C1_EV_IRQHandler
 .text.I2C1_ER_IRQHandler
                0x0000000008001f38        0xc STM32F103C6_Drivers/I2C_DRIVER_STM32F103C6.o
                0x0000000008001f38                I2C1_ER_IRQHandler
 .text.I2C2_EV_IRQHandler
                0x0000000008001f44        0xc STM32F103C6_Drivers/I2C_DRIVER_STM32F103C6.o
                0x0000000008001f44                I2C2_EV_IRQHandler
 .text.I2C2_ER_IRQHandler
                0x0000000008001f50        0xc STM32F103C6_Drivers/I2C_DRIVER_STM32F103C6.o
                0x0000000008001f50                I2C2_ER_IRQHandler
 .text.SPI1_IRQHandler
                0x0000000008001f5c       0x5c STM32F103C6_Drivers/SPI_DRIVER_STM32F103C6.o
                0x0000000008001f5c                SPI1_IRQHandler
 .text.SPI2_IRQHandler
                0x0000000008001fb8       0x5c STM32F103C6_Drivers/SPI_DRIVER_STM32F103C6.o
                0x0000000008001fb8                SPI2_IRQHandler
 .text.USART1_IRQHandler
                0x0000000008002014       0x14 STM32F103C6_Drivers/USART_DRIVER_STM32F103C6.o
                0x0000000008002014                USART1_IRQHandler
 .text.USART2_IRQHandler
                0x0000000008002028       0x14 STM32F103C6_Drivers/USART_DRIVER_STM32F103C6.o
                0x0000000008002028                USART2_IRQHandler
 .text.USART3_IRQHandler
                0x000000000800203c       0x14 STM32F103C6_Drivers/USART_DRIVER_STM32F103C6.o
                0x000000000800203c                USART3_IRQHandler
 .text.Clock_init
                0x0000000008002050       0x1c Src/main.o
                0x0000000008002050                Clock_init
 .text.HW_Init  0x000000000800206c       0x40 Src/main.o
                0x000000000800206c                HW_Init
 .text.main     0x00000000080020ac       0x6c Src/main.o
                0x00000000080020ac                main
 .text.vTaskLEDHandle
                0x0000000008002118       0x50 Src/main.o
                0x0000000008002118                vTaskLEDHandle
 .text.vTaskButtonHandle
                0x0000000008002168       0x54 Src/main.o
                0x0000000008002168                vTaskButtonHandle
 .text.Reset_Handler
                0x00000000080021bc       0x50 Startup/startup_stm32f103c6tx.o
                0x00000000080021bc                Reset_Handler
 .text.Default_Handler
                0x000000000800220c        0x2 Startup/startup_stm32f103c6tx.o
                0x000000000800220c                TIM8_TRG_COM_IRQHandler
                0x000000000800220c                TIM8_CC_IRQHandler
                0x000000000800220c                DebugMon_Handler
                0x000000000800220c                TIM1_CC_IRQHandler
                0x000000000800220c                HardFault_Handler
                0x000000000800220c                TIM6_IRQHandler
                0x000000000800220c                PVD_IRQHandler
                0x000000000800220c                SDIO_IRQHandler
                0x000000000800220c                NMI_Handler
                0x000000000800220c                USB_HP_CAN_TX_IRQHandler
                0x000000000800220c                UsageFault_Handler
                0x000000000800220c                ADC1_2_IRQHandler
                0x000000000800220c                CAN_SCE_IRQHandler
                0x000000000800220c                TAMPER_IRQHandler
                0x000000000800220c                TIM8_UP_IRQHandler
                0x000000000800220c                DMA2_Channel2_IRQHandler
                0x000000000800220c                DMA1_Channel4_IRQHandler
                0x000000000800220c                RTC_IRQHandler
                0x000000000800220c                DMA1_Channel7_IRQHandler
                0x000000000800220c                UART5_IRQHandler
                0x000000000800220c                ADC3_IRQHandler
                0x000000000800220c                TIM4_IRQHandler
                0x000000000800220c                CAN_RX1_IRQHandler
                0x000000000800220c                DMA2_Channel1_IRQHandler
                0x000000000800220c                DMA1_Channel6_IRQHandler
                0x000000000800220c                UART4_IRQHandler
                0x000000000800220c                TIM3_IRQHandler
                0x000000000800220c                RCC_IRQHandler
                0x000000000800220c                TIM1_TRG_COM_IRQHandler
                0x000000000800220c                DMA1_Channel1_IRQHandler
                0x000000000800220c                Default_Handler
                0x000000000800220c                TIM7_IRQHandler
                0x000000000800220c                TIM5_IRQHandler
                0x000000000800220c                USB_LP_CAN_RX0_IRQHandler
                0x000000000800220c                MemManage_Handler
                0x000000000800220c                DMA1_Channel5_IRQHandler
                0x000000000800220c                DMA1_Channel3_IRQHandler
                0x000000000800220c                FSMC_IRQHandler
                0x000000000800220c                TIM1_UP_IRQHandler
                0x000000000800220c                WWDG_IRQHandler
                0x000000000800220c                TIM2_IRQHandler
                0x000000000800220c                TIM1_BRK_IRQHandler
                0x000000000800220c                RTCAlarm_IRQHandler
                0x000000000800220c                DMA2_Channel4_5_IRQHandler
                0x000000000800220c                DMA1_Channel2_IRQHandler
                0x000000000800220c                TIM8_BRK_IRQHandler
                0x000000000800220c                FLASH_IRQHandler
                0x000000000800220c                BusFault_Handler
                0x000000000800220c                SPI3_IRQHandler
                0x000000000800220c                DMA2_Channel3_IRQHandler
 *fill*         0x000000000800220e        0x2 
 .text.__libc_init_array
                0x0000000008002210       0x48 c:/program files (x86)/stm32cubeide_1.4.0/stm32cubeide/plugins/com.st.stm32cube.ide.mcu.externaltools.gnu-tools-for-stm32.7-2018-q2-update.win32_1.4.0.202007081208/tools/bin/../lib/gcc/arm-none-eabi/7.3.1/../../../../arm-none-eabi/lib/thumb/v7-m\libc_nano.a(lib_a-init.o)
                0x0000000008002210                __libc_init_array
 .text.memcpy   0x0000000008002258       0x16 c:/program files (x86)/stm32cubeide_1.4.0/stm32cubeide/plugins/com.st.stm32cube.ide.mcu.externaltools.gnu-tools-for-stm32.7-2018-q2-update.win32_1.4.0.202007081208/tools/bin/../lib/gcc/arm-none-eabi/7.3.1/../../../../arm-none-eabi/lib/thumb/v7-m\libc_nano.a(lib_a-memcpy-stub.o)
                0x0000000008002258                memcpy
 .text.memset   0x000000000800226e       0x10 c:/program files (x86)/stm32cubeide_1.4.0/stm32cubeide/plugins/com.st.stm32cube.ide.mcu.externaltools.gnu-tools-for-stm32.7-2018-q2-update.win32_1.4.0.202007081208/tools/bin/../lib/gcc/arm-none-eabi/7.3.1/../../../../arm-none-eabi/lib/thumb/v7-m\libc_nano.a(lib_a-memset.o)
                0x000000000800226e                memset
 *(.glue_7)
 .glue_7        0x000000000800227e        0x0 linker stubs
 *(.glue_7t)
 .glue_7t       0x000000000800227e        0x0 linker stubs
 *(.eh_frame)
 *fill*         0x000000000800227e        0x2 
 .eh_frame      0x0000000008002280        0x0 c:/program files (x86)/stm32cubeide_1.4.0/stm32cubeide/plugins/com.st.stm32cube.ide.mcu.externaltools.gnu-tools-for-stm32.7-2018-q2-update.win32_1.4.0.202007081208/tools/bin/../lib/gcc/arm-none-eabi/7.3.1/thumb/v7-m/crtbegin.o
 *(.init)
 .init          0x0000000008002280        0x4 c:/program files (x86)/stm32cubeide_1.4.0/stm32cubeide/plugins/com.st.stm32cube.ide.mcu.externaltools.gnu-tools-for-stm32.7-2018-q2-update.win32_1.4.0.202007081208/tools/bin/../lib/gcc/arm-none-eabi/7.3.1/thumb/v7-m/crti.o
                0x0000000008002280                _init
 .init          0x0000000008002284        0x8 c:/program files (x86)/stm32cubeide_1.4.0/stm32cubeide/plugins/com.st.stm32cube.ide.mcu.externaltools.gnu-tools-for-stm32.7-2018-q2-update.win32_1.4.0.202007081208/tools/bin/../lib/gcc/arm-none-eabi/7.3.1/thumb/v7-m/crtn.o
 *(.fini)
 .fini          0x000000000800228c        0x4 c:/program files (x86)/stm32cubeide_1.4.0/stm32cubeide/plugins/com.st.stm32cube.ide.mcu.externaltools.gnu-tools-for-stm32.7-2018-q2-update.win32_1.4.0.202007081208/tools/bin/../lib/gcc/arm-none-eabi/7.3.1/thumb/v7-m/crti.o
                0x000000000800228c                _fini
 .fini          0x0000000008002290        0x8 c:/program files (x86)/stm32cubeide_1.4.0/stm32cubeide/plugins/com.st.stm32cube.ide.mcu.externaltools.gnu-tools-for-stm32.7-2018-q2-update.win32_1.4.0.202007081208/tools/bin/../lib/gcc/arm-none-eabi/7.3.1/thumb/v7-m/crtn.o
                0x0000000008002298                . = ALIGN (0x4)
                0x0000000008002298                _etext = .

.vfp11_veneer   0x0000000008002298        0x0
 .vfp11_veneer  0x0000000008002298        0x0 linker stubs

.v4_bx          0x0000000008002298        0x0
 .v4_bx         0x0000000008002298        0x0 linker stubs

.iplt           0x0000000008002298        0x0
 .iplt          0x0000000008002298        0x0 c:/program files (x86)/stm32cubeide_1.4.0/stm32cubeide/plugins/com.st.stm32cube.ide.mcu.externaltools.gnu-tools-for-stm32.7-2018-q2-update.win32_1.4.0.202007081208/tools/bin/../lib/gcc/arm-none-eabi/7.3.1/thumb/v7-m/crtbegin.o

.rodata         0x0000000008002298       0x2c
                0x0000000008002298                . = ALIGN (0x4)
 *(.rodata)
 .rodata        0x0000000008002298        0x5 FreeRTOS/tasks.o
 *fill*         0x000000000800229d        0x3 
 .rodata        0x00000000080022a0       0x23 Src/main.o
 *(.rodata*)
                0x00000000080022c4                . = ALIGN (0x4)
 *fill*         0x00000000080022c3        0x1 

.rel.dyn        0x00000000080022c4        0x0
 .rel.iplt      0x00000000080022c4        0x0 c:/program files (x86)/stm32cubeide_1.4.0/stm32cubeide/plugins/com.st.stm32cube.ide.mcu.externaltools.gnu-tools-for-stm32.7-2018-q2-update.win32_1.4.0.202007081208/tools/bin/../lib/gcc/arm-none-eabi/7.3.1/thumb/v7-m/crtbegin.o

.ARM.extab      0x00000000080022c4        0x0
                0x00000000080022c4                . = ALIGN (0x4)
 *(.ARM.extab* .gnu.linkonce.armextab.*)
                0x00000000080022c4                . = ALIGN (0x4)

.ARM            0x00000000080022c4        0x0
                0x00000000080022c4                . = ALIGN (0x4)
                0x00000000080022c4                __exidx_start = .
 *(.ARM.exidx*)
                0x00000000080022c4                __exidx_end = .
                0x00000000080022c4                . = ALIGN (0x4)

.preinit_array  0x00000000080022c4        0x0
                0x00000000080022c4                . = ALIGN (0x4)
                0x00000000080022c4                PROVIDE (__preinit_array_start = .)
 *(.preinit_array*)
                0x00000000080022c4                PROVIDE (__preinit_array_end = .)
                0x00000000080022c4                . = ALIGN (0x4)

.init_array     0x00000000080022c4        0x4
                0x00000000080022c4                . = ALIGN (0x4)
                0x00000000080022c4                PROVIDE (__init_array_start = .)
 *(SORT_BY_NAME(.init_array.*))
 *(.init_array*)
 .init_array    0x00000000080022c4        0x4 c:/program files (x86)/stm32cubeide_1.4.0/stm32cubeide/plugins/com.st.stm32cube.ide.mcu.externaltools.gnu-tools-for-stm32.7-2018-q2-update.win32_1.4.0.202007081208/tools/bin/../lib/gcc/arm-none-eabi/7.3.1/thumb/v7-m/crtbegin.o
                0x00000000080022c8                PROVIDE (__init_array_end = .)
                0x00000000080022c8                . = ALIGN (0x4)

.fini_array     0x00000000080022c8        0x4
                0x00000000080022c8                . = ALIGN (0x4)
                [!provide]                        PROVIDE (__fini_array_start = .)
 *(SORT_BY_NAME(.fini_array.*))
 *(.fini_array*)
 .fini_array    0x00000000080022c8        0x4 c:/program files (x86)/stm32cubeide_1.4.0/stm32cubeide/plugins/com.st.stm32cube.ide.mcu.externaltools.gnu-tools-for-stm32.7-2018-q2-update.win32_1.4.0.202007081208/tools/bin/../lib/gcc/arm-none-eabi/7.3.1/thumb/v7-m/crtbegin.o
                [!provide]                        PROVIDE (__fini_array_end = .)
                0x00000000080022cc                . = ALIGN (0x4)
                0x00000000080022cc                _sidata = LOADADDR (.data)

.data           0x0000000020000000        0x8 load address 0x00000000080022cc
                0x0000000020000000                . = ALIGN (0x4)
                0x0000000020000000                _sdata = .
 *(.data)
 *(.data*)
 .data.uxTopUsedPriority
                0x0000000020000000        0x4 FreeRTOS/tasks.o
                0x0000000020000000                uxTopUsedPriority
 .data.uxCriticalNesting
                0x0000000020000004        0x4 FreeRTOS/portable/GCC/ARM_CM3/port.o
                0x0000000020000008                . = ALIGN (0x4)
                0x0000000020000008                _edata = .

.igot.plt       0x0000000020000008        0x0 load address 0x00000000080022d4
 .igot.plt      0x0000000020000008        0x0 c:/program files (x86)/stm32cubeide_1.4.0/stm32cubeide/plugins/com.st.stm32cube.ide.mcu.externaltools.gnu-tools-for-stm32.7-2018-q2-update.win32_1.4.0.202007081208/tools/bin/../lib/gcc/arm-none-eabi/7.3.1/thumb/v7-m/crtbegin.o
                0x0000000020000008                . = ALIGN (0x4)

.bss            0x0000000020000008     0x21a0 load address 0x00000000080022d4
                0x0000000020000008                _sbss = .
                0x0000000020000008                __bss_start__ = _sbss
 *(.bss)
 .bss           0x0000000020000008       0x1c c:/program files (x86)/stm32cubeide_1.4.0/stm32cubeide/plugins/com.st.stm32cube.ide.mcu.externaltools.gnu-tools-for-stm32.7-2018-q2-update.win32_1.4.0.202007081208/tools/bin/../lib/gcc/arm-none-eabi/7.3.1/thumb/v7-m/crtbegin.o
 *(.bss*)
 .bss.pxCurrentTCB
                0x0000000020000024        0x4 FreeRTOS/tasks.o
                0x0000000020000024                pxCurrentTCB
 .bss.pxReadyTasksLists
                0x0000000020000028       0x64 FreeRTOS/tasks.o
 .bss.xDelayedTaskList1
                0x000000002000008c       0x14 FreeRTOS/tasks.o
 .bss.xDelayedTaskList2
                0x00000000200000a0       0x14 FreeRTOS/tasks.o
 .bss.pxDelayedTaskList
                0x00000000200000b4        0x4 FreeRTOS/tasks.o
 .bss.pxOverflowDelayedTaskList
                0x00000000200000b8        0x4 FreeRTOS/tasks.o
 .bss.xPendingReadyList
                0x00000000200000bc       0x14 FreeRTOS/tasks.o
 .bss.xTasksWaitingTermination
                0x00000000200000d0       0x14 FreeRTOS/tasks.o
 .bss.uxDeletedTasksWaitingCleanUp
                0x00000000200000e4        0x4 FreeRTOS/tasks.o
 .bss.xSuspendedTaskList
                0x00000000200000e8       0x14 FreeRTOS/tasks.o
 .bss.uxCurrentNumberOfTasks
                0x00000000200000fc        0x4 FreeRTOS/tasks.o
 .bss.xTickCount
                0x0000000020000100        0x4 FreeRTOS/tasks.o
 .bss.uxTopReadyPriority
                0x0000000020000104        0x4 FreeRTOS/tasks.o
 .bss.xSchedulerRunning
                0x0000000020000108        0x4 FreeRTOS/tasks.o
 .bss.xPendedTicks
                0x000000002000010c        0x4 FreeRTOS/tasks.o
 .bss.xYieldPending
                0x0000000020000110        0x4 FreeRTOS/tasks.o
 .bss.xNumOfOverflows
                0x0000000020000114        0x4 FreeRTOS/tasks.o
 .bss.uxTaskNumber
                0x0000000020000118        0x4 FreeRTOS/tasks.o
 .bss.xNextTaskUnblockTime
                0x000000002000011c        0x4 FreeRTOS/tasks.o
 .bss.xIdleTaskHandle
                0x0000000020000120        0x4 FreeRTOS/tasks.o
 .bss.uxSchedulerSuspended
                0x0000000020000124        0x4 FreeRTOS/tasks.o
 .bss.ucHeap    0x0000000020000128     0x2000 FreeRTOS/portable/MemMang/heap_4.o
 .bss.xStart    0x0000000020002128        0x8 FreeRTOS/portable/MemMang/heap_4.o
 .bss.pxEnd     0x0000000020002130        0x4 FreeRTOS/portable/MemMang/heap_4.o
 .bss.xFreeBytesRemaining
                0x0000000020002134        0x4 FreeRTOS/portable/MemMang/heap_4.o
 .bss.xMinimumEverFreeBytesRemaining
                0x0000000020002138        0x4 FreeRTOS/portable/MemMang/heap_4.o
 .bss.xNumberOfSuccessfulAllocations
                0x000000002000213c        0x4 FreeRTOS/portable/MemMang/heap_4.o
 .bss.xNumberOfSuccessfulFrees
                0x0000000020002140        0x4 FreeRTOS/portable/MemMang/heap_4.o
 .bss.xBlockAllocatedBit
                0x0000000020002144        0x4 FreeRTOS/portable/MemMang/heap_4.o
 .bss.Global_SPI_Congig
                0x0000000020002148        0x8 STM32F103C6_Drivers/SPI_DRIVER_STM32F103C6.o
                0x0000000020002148                Global_SPI_Congig
 .bss.Global_UART_Config
                0x0000000020002150        0xc STM32F103C6_Drivers/USART_DRIVER_STM32F103C6.o
                0x0000000020002150                Global_UART_Config
 .bss.xSemaphore
                0x000000002000215c        0x4 Src/main.o
                0x000000002000215c                xSemaphore
 .bss.vTaskLEDHandler
                0x0000000020002160        0x4 Src/main.o
                0x0000000020002160                vTaskLEDHandler
 .bss.vTaskButtonHandler
                0x0000000020002164        0x4 Src/main.o
                0x0000000020002164                vTaskButtonHandler
 .bss.Button_Curr_Stetas
                0x0000000020002168        0x1 Src/main.o
                0x0000000020002168                Button_Curr_Stetas
 .bss.Button_Prev_Stetas
                0x0000000020002169        0x1 Src/main.o
                0x0000000020002169                Button_Prev_Stetas
 *(COMMON)
 *fill*         0x000000002000216a        0x2 
 COMMON         0x000000002000216c       0x3c STM32F103C6_Drivers/EXTI_DRIVER_STM32F103C6.o
                0x000000002000216c                GP_IRQ_CallBack
                0x00000000200021a8                . = ALIGN (0x4)
                0x00000000200021a8                _ebss = .
                0x00000000200021a8                __bss_end__ = _ebss

._user_heap_stack
                0x00000000200021a8      0x600 load address 0x00000000080022d4
                0x00000000200021a8                . = ALIGN (0x8)
                [!provide]                        PROVIDE (end = .)
                0x00000000200021a8                PROVIDE (_end = .)
                0x00000000200023a8                . = (. + _Min_Heap_Size)
 *fill*         0x00000000200021a8      0x200 
                0x00000000200027a8                . = (. + _Min_Stack_Size)
 *fill*         0x00000000200023a8      0x400 
                0x00000000200027a8                . = ALIGN (0x8)

/DISCARD/
 libc.a(*)
 libm.a(*)
 libgcc.a(*)

.ARM.attributes
                0x0000000000000000       0x29
 *(.ARM.attributes)
 .ARM.attributes
                0x0000000000000000       0x1d c:/program files (x86)/stm32cubeide_1.4.0/stm32cubeide/plugins/com.st.stm32cube.ide.mcu.externaltools.gnu-tools-for-stm32.7-2018-q2-update.win32_1.4.0.202007081208/tools/bin/../lib/gcc/arm-none-eabi/7.3.1/thumb/v7-m/crti.o
 .ARM.attributes
                0x000000000000001d       0x2d c:/program files (x86)/stm32cubeide_1.4.0/stm32cubeide/plugins/com.st.stm32cube.ide.mcu.externaltools.gnu-tools-for-stm32.7-2018-q2-update.win32_1.4.0.202007081208/tools/bin/../lib/gcc/arm-none-eabi/7.3.1/thumb/v7-m/crtbegin.o
 .ARM.attributes
                0x000000000000004a       0x33 FreeRTOS/list.o
 .ARM.attributes
                0x000000000000007d       0x33 FreeRTOS/queue.o
 .ARM.attributes
                0x00000000000000b0       0x33 FreeRTOS/tasks.o
 .ARM.attributes
                0x00000000000000e3       0x33 FreeRTOS/portable/GCC/ARM_CM3/port.o
 .ARM.attributes
                0x0000000000000116       0x33 FreeRTOS/portable/MemMang/heap_4.o
 .ARM.attributes
                0x0000000000000149       0x33 STM32F103C6_Drivers/EXTI_DRIVER_STM32F103C6.o
 .ARM.attributes
                0x000000000000017c       0x33 STM32F103C6_Drivers/GPIO_DRIVER_STM32F103C6.o
 .ARM.attributes
                0x00000000000001af       0x33 STM32F103C6_Drivers/I2C_DRIVER_STM32F103C6.o
 .ARM.attributes
                0x00000000000001e2       0x33 STM32F103C6_Drivers/SPI_DRIVER_STM32F103C6.o
 .ARM.attributes
                0x0000000000000215       0x33 STM32F103C6_Drivers/USART_DRIVER_STM32F103C6.o
 .ARM.attributes
                0x0000000000000248       0x33 Src/main.o
 .ARM.attributes
                0x000000000000027b       0x21 Startup/startup_stm32f103c6tx.o
 .ARM.attributes
                0x000000000000029c       0x2d c:/program files (x86)/stm32cubeide_1.4.0/stm32cubeide/plugins/com.st.stm32cube.ide.mcu.externaltools.gnu-tools-for-stm32.7-2018-q2-update.win32_1.4.0.202007081208/tools/bin/../lib/gcc/arm-none-eabi/7.3.1/../../../../arm-none-eabi/lib/thumb/v7-m\libc_nano.a(lib_a-init.o)
 .ARM.attributes
                0x00000000000002c9       0x2d c:/program files (x86)/stm32cubeide_1.4.0/stm32cubeide/plugins/com.st.stm32cube.ide.mcu.externaltools.gnu-tools-for-stm32.7-2018-q2-update.win32_1.4.0.202007081208/tools/bin/../lib/gcc/arm-none-eabi/7.3.1/../../../../arm-none-eabi/lib/thumb/v7-m\libc_nano.a(lib_a-memcpy-stub.o)
 .ARM.attributes
                0x00000000000002f6       0x2d c:/program files (x86)/stm32cubeide_1.4.0/stm32cubeide/plugins/com.st.stm32cube.ide.mcu.externaltools.gnu-tools-for-stm32.7-2018-q2-update.win32_1.4.0.202007081208/tools/bin/../lib/gcc/arm-none-eabi/7.3.1/../../../../arm-none-eabi/lib/thumb/v7-m\libc_nano.a(lib_a-memset.o)
 .ARM.attributes
                0x0000000000000323       0x1d c:/program files (x86)/stm32cubeide_1.4.0/stm32cubeide/plugins/com.st.stm32cube.ide.mcu.externaltools.gnu-tools-for-stm32.7-2018-q2-update.win32_1.4.0.202007081208/tools/bin/../lib/gcc/arm-none-eabi/7.3.1/thumb/v7-m/crtn.o
OUTPUT(RTOS_Blinking_LED.elf elf32-littlearm)

.debug_info     0x0000000000000000     0x9f65
 .debug_info    0x0000000000000000      0xac0 FreeRTOS/list.o
 .debug_info    0x0000000000000ac0     0x15d9 FreeRTOS/queue.o
 .debug_info    0x0000000000002099     0x201c FreeRTOS/tasks.o
 .debug_info    0x00000000000040b5      0x2df FreeRTOS/portable/GCC/ARM_CM3/port.o
 .debug_info    0x0000000000004394      0xc0f FreeRTOS/portable/MemMang/heap_4.o
 .debug_info    0x0000000000004fa3      0xc59 STM32F103C6_Drivers/EXTI_DRIVER_STM32F103C6.o
 .debug_info    0x0000000000005bfc      0xc73 STM32F103C6_Drivers/GPIO_DRIVER_STM32F103C6.o
 .debug_info    0x000000000000686f     0x10a5 STM32F103C6_Drivers/I2C_DRIVER_STM32F103C6.o
 .debug_info    0x0000000000007914      0xdaf STM32F103C6_Drivers/SPI_DRIVER_STM32F103C6.o
 .debug_info    0x00000000000086c3      0xd15 STM32F103C6_Drivers/USART_DRIVER_STM32F103C6.o
 .debug_info    0x00000000000093d8      0xb6b Src/main.o
 .debug_info    0x0000000000009f43       0x22 Startup/startup_stm32f103c6tx.o

.debug_abbrev   0x0000000000000000     0x196f
 .debug_abbrev  0x0000000000000000      0x1cf FreeRTOS/list.o
 .debug_abbrev  0x00000000000001cf      0x28c FreeRTOS/queue.o
 .debug_abbrev  0x000000000000045b      0x336 FreeRTOS/tasks.o
 .debug_abbrev  0x0000000000000791      0x1cb FreeRTOS/portable/GCC/ARM_CM3/port.o
 .debug_abbrev  0x000000000000095c      0x23d FreeRTOS/portable/MemMang/heap_4.o
 .debug_abbrev  0x0000000000000b99      0x21d STM32F103C6_Drivers/EXTI_DRIVER_STM32F103C6.o
 .debug_abbrev  0x0000000000000db6      0x23f STM32F103C6_Drivers/GPIO_DRIVER_STM32F103C6.o
 .debug_abbrev  0x0000000000000ff5      0x287 STM32F103C6_Drivers/I2C_DRIVER_STM32F103C6.o
 .debug_abbrev  0x000000000000127c      0x276 STM32F103C6_Drivers/SPI_DRIVER_STM32F103C6.o
 .debug_abbrev  0x00000000000014f2      0x28d STM32F103C6_Drivers/USART_DRIVER_STM32F103C6.o
 .debug_abbrev  0x000000000000177f      0x1de Src/main.o
 .debug_abbrev  0x000000000000195d       0x12 Startup/startup_stm32f103c6tx.o

.debug_aranges  0x0000000000000000      0x600
 .debug_aranges
                0x0000000000000000       0x40 FreeRTOS/list.o
 .debug_aranges
                0x0000000000000040       0xc8 FreeRTOS/queue.o
 .debug_aranges
                0x0000000000000108      0x188 FreeRTOS/tasks.o
 .debug_aranges
                0x0000000000000290       0x70 FreeRTOS/portable/GCC/ARM_CM3/port.o
 .debug_aranges
                0x0000000000000300       0x58 FreeRTOS/portable/MemMang/heap_4.o
 .debug_aranges
                0x0000000000000358       0x80 STM32F103C6_Drivers/EXTI_DRIVER_STM32F103C6.o
 .debug_aranges
                0x00000000000003d8       0x68 STM32F103C6_Drivers/GPIO_DRIVER_STM32F103C6.o
 .debug_aranges
                0x0000000000000440       0x98 STM32F103C6_Drivers/I2C_DRIVER_STM32F103C6.o
 .debug_aranges
                0x00000000000004d8       0x58 STM32F103C6_Drivers/SPI_DRIVER_STM32F103C6.o
 .debug_aranges
                0x0000000000000530       0x68 STM32F103C6_Drivers/USART_DRIVER_STM32F103C6.o
 .debug_aranges
                0x0000000000000598       0x40 Src/main.o
 .debug_aranges
                0x00000000000005d8       0x28 Startup/startup_stm32f103c6tx.o

.debug_ranges   0x0000000000000000      0x548
 .debug_ranges  0x0000000000000000       0x30 FreeRTOS/list.o
 .debug_ranges  0x0000000000000030       0xb8 FreeRTOS/queue.o
 .debug_ranges  0x00000000000000e8      0x178 FreeRTOS/tasks.o
 .debug_ranges  0x0000000000000260       0x60 FreeRTOS/portable/GCC/ARM_CM3/port.o
 .debug_ranges  0x00000000000002c0       0x48 FreeRTOS/portable/MemMang/heap_4.o
 .debug_ranges  0x0000000000000308       0x70 STM32F103C6_Drivers/EXTI_DRIVER_STM32F103C6.o
 .debug_ranges  0x0000000000000378       0x58 STM32F103C6_Drivers/GPIO_DRIVER_STM32F103C6.o
 .debug_ranges  0x00000000000003d0       0x88 STM32F103C6_Drivers/I2C_DRIVER_STM32F103C6.o
 .debug_ranges  0x0000000000000458       0x48 STM32F103C6_Drivers/SPI_DRIVER_STM32F103C6.o
 .debug_ranges  0x00000000000004a0       0x58 STM32F103C6_Drivers/USART_DRIVER_STM32F103C6.o
 .debug_ranges  0x00000000000004f8       0x30 Src/main.o
 .debug_ranges  0x0000000000000528       0x20 Startup/startup_stm32f103c6tx.o

.debug_macro    0x0000000000000000     0x2a00
 .debug_macro   0x0000000000000000      0x18b FreeRTOS/list.o
 .debug_macro   0x000000000000018b      0x214 FreeRTOS/queue.o
 .debug_macro   0x000000000000039f       0x16 FreeRTOS/queue.o
 .debug_macro   0x00000000000003b5       0x35 FreeRTOS/queue.o
 .debug_macro   0x00000000000003ea       0x20 FreeRTOS/queue.o
 .debug_macro   0x000000000000040a       0x80 FreeRTOS/queue.o
 .debug_macro   0x000000000000048a      0x271 FreeRTOS/tasks.o
 .debug_macro   0x00000000000006fb       0x10 FreeRTOS/tasks.o
 .debug_macro   0x000000000000070b      0x177 FreeRTOS/portable/GCC/ARM_CM3/port.o
 .debug_macro   0x0000000000000882      0x1a6 FreeRTOS/portable/MemMang/heap_4.o
 .debug_macro   0x0000000000000a28      0x152 STM32F103C6_Drivers/EXTI_DRIVER_STM32F103C6.o
 .debug_macro   0x0000000000000b7a      0x6b8 STM32F103C6_Drivers/EXTI_DRIVER_STM32F103C6.o
 .debug_macro   0x0000000000001232       0xd6 STM32F103C6_Drivers/EXTI_DRIVER_STM32F103C6.o
 .debug_macro   0x0000000000001308      0x217 STM32F103C6_Drivers/EXTI_DRIVER_STM32F103C6.o
 .debug_macro   0x000000000000151f      0x143 STM32F103C6_Drivers/GPIO_DRIVER_STM32F103C6.o
 .debug_macro   0x0000000000001662       0xd0 STM32F103C6_Drivers/GPIO_DRIVER_STM32F103C6.o
 .debug_macro   0x0000000000001732      0x178 STM32F103C6_Drivers/I2C_DRIVER_STM32F103C6.o
 .debug_macro   0x00000000000018aa      0x21d STM32F103C6_Drivers/I2C_DRIVER_STM32F103C6.o
 .debug_macro   0x0000000000001ac7       0x16 STM32F103C6_Drivers/I2C_DRIVER_STM32F103C6.o
 .debug_macro   0x0000000000001add       0xe8 STM32F103C6_Drivers/I2C_DRIVER_STM32F103C6.o
 .debug_macro   0x0000000000001bc5       0xdb STM32F103C6_Drivers/I2C_DRIVER_STM32F103C6.o
 .debug_macro   0x0000000000001ca0       0x61 STM32F103C6_Drivers/I2C_DRIVER_STM32F103C6.o
 .debug_macro   0x0000000000001d01      0x17b STM32F103C6_Drivers/SPI_DRIVER_STM32F103C6.o
 .debug_macro   0x0000000000001e7c       0xd5 STM32F103C6_Drivers/SPI_DRIVER_STM32F103C6.o
 .debug_macro   0x0000000000001f51      0x15a STM32F103C6_Drivers/USART_DRIVER_STM32F103C6.o
 .debug_macro   0x00000000000020ab       0xe2 STM32F103C6_Drivers/USART_DRIVER_STM32F103C6.o
 .debug_macro   0x000000000000218d      0x2b7 Src/main.o
 .debug_macro   0x0000000000002444       0x16 Src/main.o
 .debug_macro   0x000000000000245a       0x97 Src/main.o
 .debug_macro   0x00000000000024f1       0xfd Src/main.o
 .debug_macro   0x00000000000025ee       0x10 Src/main.o
 .debug_macro   0x00000000000025fe       0x10 Src/main.o
 .debug_macro   0x000000000000260e       0x1c Src/main.o
 .debug_macro   0x000000000000262a       0x52 Src/main.o
 .debug_macro   0x000000000000267c       0x40 Src/main.o
 .debug_macro   0x00000000000026bc       0x10 Src/main.o
 .debug_macro   0x00000000000026cc       0x40 Src/main.o
 .debug_macro   0x000000000000270c       0xd7 Src/main.o
 .debug_macro   0x00000000000027e3       0x1c Src/main.o
 .debug_macro   0x00000000000027ff       0x3d Src/main.o
 .debug_macro   0x000000000000283c       0x16 Src/main.o
 .debug_macro   0x0000000000002852      0x145 Src/main.o
 .debug_macro   0x0000000000002997       0x69 Src/main.o

.debug_line     0x0000000000000000     0x66c8
 .debug_line    0x0000000000000000      0x7c5 FreeRTOS/list.o
 .debug_line    0x00000000000007c5      0xb8b FreeRTOS/queue.o
 .debug_line    0x0000000000001350      0xfde FreeRTOS/tasks.o
 .debug_line    0x000000000000232e      0x667 FreeRTOS/portable/GCC/ARM_CM3/port.o
 .debug_line    0x0000000000002995      0x887 FreeRTOS/portable/MemMang/heap_4.o
 .debug_line    0x000000000000321c      0x893 STM32F103C6_Drivers/EXTI_DRIVER_STM32F103C6.o
 .debug_line    0x0000000000003aaf      0x7e9 STM32F103C6_Drivers/GPIO_DRIVER_STM32F103C6.o
 .debug_line    0x0000000000004298      0x97f STM32F103C6_Drivers/I2C_DRIVER_STM32F103C6.o
 .debug_line    0x0000000000004c17      0x85a STM32F103C6_Drivers/SPI_DRIVER_STM32F103C6.o
 .debug_line    0x0000000000005471      0x893 STM32F103C6_Drivers/USART_DRIVER_STM32F103C6.o
 .debug_line    0x0000000000005d04      0x940 Src/main.o
 .debug_line    0x0000000000006644       0x84 Startup/startup_stm32f103c6tx.o

.debug_str      0x0000000000000000    0x15a7d
 .debug_str     0x0000000000000000     0xa9cf FreeRTOS/list.o
                                       0xac4e (size before relaxing)
 .debug_str     0x000000000000a9cf     0x2094 FreeRTOS/queue.o
                                       0xccb7 (size before relaxing)
 .debug_str     0x000000000000ca63     0x18c1 FreeRTOS/tasks.o
                                       0xd8ae (size before relaxing)
 .debug_str     0x000000000000e324      0x5fc FreeRTOS/portable/GCC/ARM_CM3/port.o
                                       0x93a4 (size before relaxing)
 .debug_str     0x000000000000e920      0x30e FreeRTOS/portable/MemMang/heap_4.o
                                       0xc0a9 (size before relaxing)
 .debug_str     0x000000000000ec2e     0x3c26 STM32F103C6_Drivers/EXTI_DRIVER_STM32F103C6.o
                                       0xab77 (size before relaxing)
 .debug_str     0x0000000000012854      0x17a STM32F103C6_Drivers/GPIO_DRIVER_STM32F103C6.o
                                       0x97a0 (size before relaxing)
 .debug_str     0x00000000000129ce     0x1377 STM32F103C6_Drivers/I2C_DRIVER_STM32F103C6.o
                                       0xbce4 (size before relaxing)
 .debug_str     0x0000000000013d45      0x2a4 STM32F103C6_Drivers/SPI_DRIVER_STM32F103C6.o
                                       0xb85b (size before relaxing)
 .debug_str     0x0000000000013fe9      0x1d6 STM32F103C6_Drivers/USART_DRIVER_STM32F103C6.o
                                       0xb21b (size before relaxing)
 .debug_str     0x00000000000141bf     0x188d Src/main.o
                                      0x11795 (size before relaxing)
 .debug_str     0x0000000000015a4c       0x31 Startup/startup_stm32f103c6tx.o
                                         0x75 (size before relaxing)

.comment        0x0000000000000000       0x7b
 .comment       0x0000000000000000       0x7b FreeRTOS/list.o
                                         0x7c (size before relaxing)
 .comment       0x000000000000007b       0x7c FreeRTOS/queue.o
 .comment       0x000000000000007b       0x7c FreeRTOS/tasks.o
 .comment       0x000000000000007b       0x7c FreeRTOS/portable/GCC/ARM_CM3/port.o
 .comment       0x000000000000007b       0x7c FreeRTOS/portable/MemMang/heap_4.o
 .comment       0x000000000000007b       0x7c STM32F103C6_Drivers/EXTI_DRIVER_STM32F103C6.o
 .comment       0x000000000000007b       0x7c STM32F103C6_Drivers/GPIO_DRIVER_STM32F103C6.o
 .comment       0x000000000000007b       0x7c STM32F103C6_Drivers/I2C_DRIVER_STM32F103C6.o
 .comment       0x000000000000007b       0x7c STM32F103C6_Drivers/SPI_DRIVER_STM32F103C6.o
 .comment       0x000000000000007b       0x7c STM32F103C6_Drivers/USART_DRIVER_STM32F103C6.o
 .comment       0x000000000000007b       0x7c Src/main.o

.debug_frame    0x0000000000000000     0x16d0
 .debug_frame   0x0000000000000000       0xd8 FreeRTOS/list.o
 .debug_frame   0x00000000000000d8      0x33c FreeRTOS/queue.o
 .debug_frame   0x0000000000000414      0x6a4 FreeRTOS/tasks.o
 .debug_frame   0x0000000000000ab8      0x160 FreeRTOS/portable/GCC/ARM_CM3/port.o
 .debug_frame   0x0000000000000c18      0x12c FreeRTOS/portable/MemMang/heap_4.o
 .debug_frame   0x0000000000000d44      0x1b0 STM32F103C6_Drivers/EXTI_DRIVER_STM32F103C6.o
 .debug_frame   0x0000000000000ef4      0x1a0 STM32F103C6_Drivers/GPIO_DRIVER_STM32F103C6.o
 .debug_frame   0x0000000000001094      0x260 STM32F103C6_Drivers/I2C_DRIVER_STM32F103C6.o
 .debug_frame   0x00000000000012f4      0x148 STM32F103C6_Drivers/SPI_DRIVER_STM32F103C6.o
 .debug_frame   0x000000000000143c      0x16c STM32F103C6_Drivers/USART_DRIVER_STM32F103C6.o
 .debug_frame   0x00000000000015a8       0xb4 Src/main.o
 .debug_frame   0x000000000000165c       0x2c c:/program files (x86)/stm32cubeide_1.4.0/stm32cubeide/plugins/com.st.stm32cube.ide.mcu.externaltools.gnu-tools-for-stm32.7-2018-q2-update.win32_1.4.0.202007081208/tools/bin/../lib/gcc/arm-none-eabi/7.3.1/../../../../arm-none-eabi/lib/thumb/v7-m\libc_nano.a(lib_a-init.o)
 .debug_frame   0x0000000000001688       0x28 c:/program files (x86)/stm32cubeide_1.4.0/stm32cubeide/plugins/com.st.stm32cube.ide.mcu.externaltools.gnu-tools-for-stm32.7-2018-q2-update.win32_1.4.0.202007081208/tools/bin/../lib/gcc/arm-none-eabi/7.3.1/../../../../arm-none-eabi/lib/thumb/v7-m\libc_nano.a(lib_a-memcpy-stub.o)
 .debug_frame   0x00000000000016b0       0x20 c:/program files (x86)/stm32cubeide_1.4.0/stm32cubeide/plugins/com.st.stm32cube.ide.mcu.externaltools.gnu-tools-for-stm32.7-2018-q2-update.win32_1.4.0.202007081208/tools/bin/../lib/gcc/arm-none-eabi/7.3.1/../../../../arm-none-eabi/lib/thumb/v7-m\libc_nano.a(lib_a-memset.o)
