Archive member included to satisfy reference by file (symbol)

c:/program files (x86)/stm32cubeide_1.4.0/stm32cubeide/plugins/com.st.stm32cube.ide.mcu.externaltools.gnu-tools-for-stm32.7-2018-q2-update.win32_1.4.0.202007081208/tools/bin/../lib/gcc/arm-none-eabi/7.3.1/../../../../arm-none-eabi/lib/thumb/v7-m\libc_nano.a(lib_a-errno.o)
                              Src/syscalls.o (__errno)
c:/program files (x86)/stm32cubeide_1.4.0/stm32cubeide/plugins/com.st.stm32cube.ide.mcu.externaltools.gnu-tools-for-stm32.7-2018-q2-update.win32_1.4.0.202007081208/tools/bin/../lib/gcc/arm-none-eabi/7.3.1/../../../../arm-none-eabi/lib/thumb/v7-m\libc_nano.a(lib_a-exit.o)
                              c:/program files (x86)/stm32cubeide_1.4.0/stm32cubeide/plugins/com.st.stm32cube.ide.mcu.externaltools.gnu-tools-for-stm32.7-2018-q2-update.win32_1.4.0.202007081208/tools/bin/../lib/gcc/arm-none-eabi/7.3.1/../../../../arm-none-eabi/lib/thumb/v7-m/crt0.o (exit)
c:/program files (x86)/stm32cubeide_1.4.0/stm32cubeide/plugins/com.st.stm32cube.ide.mcu.externaltools.gnu-tools-for-stm32.7-2018-q2-update.win32_1.4.0.202007081208/tools/bin/../lib/gcc/arm-none-eabi/7.3.1/../../../../arm-none-eabi/lib/thumb/v7-m\libc_nano.a(lib_a-impure.o)
                              c:/program files (x86)/stm32cubeide_1.4.0/stm32cubeide/plugins/com.st.stm32cube.ide.mcu.externaltools.gnu-tools-for-stm32.7-2018-q2-update.win32_1.4.0.202007081208/tools/bin/../lib/gcc/arm-none-eabi/7.3.1/../../../../arm-none-eabi/lib/thumb/v7-m\libc_nano.a(lib_a-exit.o) (_global_impure_ptr)
c:/program files (x86)/stm32cubeide_1.4.0/stm32cubeide/plugins/com.st.stm32cube.ide.mcu.externaltools.gnu-tools-for-stm32.7-2018-q2-update.win32_1.4.0.202007081208/tools/bin/../lib/gcc/arm-none-eabi/7.3.1/../../../../arm-none-eabi/lib/thumb/v7-m\libc_nano.a(lib_a-init.o)
                              c:/program files (x86)/stm32cubeide_1.4.0/stm32cubeide/plugins/com.st.stm32cube.ide.mcu.externaltools.gnu-tools-for-stm32.7-2018-q2-update.win32_1.4.0.202007081208/tools/bin/../lib/gcc/arm-none-eabi/7.3.1/../../../../arm-none-eabi/lib/thumb/v7-m/crt0.o (__libc_init_array)
c:/program files (x86)/stm32cubeide_1.4.0/stm32cubeide/plugins/com.st.stm32cube.ide.mcu.externaltools.gnu-tools-for-stm32.7-2018-q2-update.win32_1.4.0.202007081208/tools/bin/../lib/gcc/arm-none-eabi/7.3.1/../../../../arm-none-eabi/lib/thumb/v7-m\libc_nano.a(lib_a-memcpy-stub.o)
                              FreeRTOS/queue.o (memcpy)
c:/program files (x86)/stm32cubeide_1.4.0/stm32cubeide/plugins/com.st.stm32cube.ide.mcu.externaltools.gnu-tools-for-stm32.7-2018-q2-update.win32_1.4.0.202007081208/tools/bin/../lib/gcc/arm-none-eabi/7.3.1/../../../../arm-none-eabi/lib/thumb/v7-m\libc_nano.a(lib_a-memset.o)
                              c:/program files (x86)/stm32cubeide_1.4.0/stm32cubeide/plugins/com.st.stm32cube.ide.mcu.externaltools.gnu-tools-for-stm32.7-2018-q2-update.win32_1.4.0.202007081208/tools/bin/../lib/gcc/arm-none-eabi/7.3.1/../../../../arm-none-eabi/lib/thumb/v7-m/crt0.o (memset)
c:/program files (x86)/stm32cubeide_1.4.0/stm32cubeide/plugins/com.st.stm32cube.ide.mcu.externaltools.gnu-tools-for-stm32.7-2018-q2-update.win32_1.4.0.202007081208/tools/bin/../lib/gcc/arm-none-eabi/7.3.1/../../../../arm-none-eabi/lib/thumb/v7-m\libc_nano.a(lib_a-strlen.o)
                              Src/main.o (strlen)

Allocating common symbols
Common symbol       size              file

Global_SPI_Congig2  0x18              STM32F103C6_Driver/SPI_DRIVER_STM32F103C6.o
xQueueRegistry      0x40              FreeRTOS/queue.o
UART_Message        0x3c              Src/main.o
Global_SPI_Congig1  0x18              STM32F103C6_Driver/SPI_DRIVER_STM32F103C6.o
GP_IRQ_CallBack     0x3c              STM32F103C6_Driver/EXTI_DRIVER_STM32F103C6.o

Discarded input sections

 .text          0x0000000000000000        0x0 c:/program files (x86)/stm32cubeide_1.4.0/stm32cubeide/plugins/com.st.stm32cube.ide.mcu.externaltools.gnu-tools-for-stm32.7-2018-q2-update.win32_1.4.0.202007081208/tools/bin/../lib/gcc/arm-none-eabi/7.3.1/thumb/v7-m/crti.o
 .data          0x0000000000000000        0x0 c:/program files (x86)/stm32cubeide_1.4.0/stm32cubeide/plugins/com.st.stm32cube.ide.mcu.externaltools.gnu-tools-for-stm32.7-2018-q2-update.win32_1.4.0.202007081208/tools/bin/../lib/gcc/arm-none-eabi/7.3.1/thumb/v7-m/crti.o
 .bss           0x0000000000000000        0x0 c:/program files (x86)/stm32cubeide_1.4.0/stm32cubeide/plugins/com.st.stm32cube.ide.mcu.externaltools.gnu-tools-for-stm32.7-2018-q2-update.win32_1.4.0.202007081208/tools/bin/../lib/gcc/arm-none-eabi/7.3.1/thumb/v7-m/crti.o
 .data          0x0000000000000000        0x4 c:/program files (x86)/stm32cubeide_1.4.0/stm32cubeide/plugins/com.st.stm32cube.ide.mcu.externaltools.gnu-tools-for-stm32.7-2018-q2-update.win32_1.4.0.202007081208/tools/bin/../lib/gcc/arm-none-eabi/7.3.1/thumb/v7-m/crtbegin.o
[...]
Memory Configuration

Name             Origin             Length             Attributes
RAM              0x0000000020000000 0x0000000000002800 xrw
ROM              0x0000000008000000 0x0000000000008000 xr
*default*        0x0000000000000000 0xffffffffffffffff

Linker script and memory map

LOAD c:/program files (x86)/stm32cubeide_1.4.0/stm32cubeide/plugins/com.st.stm32cube.ide.mcu.externaltools.gnu-tools-for-stm32.7-2018-q2-update.win32_1.4.0.202007081208/tools/bin/../lib/gcc/arm-none-eabi/7.3.1/thumb/v7-m/crti.o
LOAD c:/program files (x86)/stm32cubeide_1.4.0/stm32cubeide/plugins/com.st.stm32cube.ide.mcu.externaltools.gnu-tools-for-stm32.7-2018-q2-update.win32_1.4.0.202007081208/tools/bin/../lib/gcc/arm-none-eabi/7.3.1/thumb/v7-m/crtbegin.o
LOAD c:/program files (x86)/stm32cubeide_1.4.0/stm32cubeide/plugins/com.st.stm32cube.ide.mcu.externaltools.gnu-tools-for-stm32.7-2018-q2-update.win32_1.4.0.202007081208/tools/bin/../lib/gcc/arm-none-eabi/7.3.1/../../../../arm-none-eabi/lib/thumb/v7-m/crt0.o
LOAD FreeRTOS/croutine.o
LOAD FreeRTOS/event_groups.o
LOAD FreeRTOS/list.o
LOAD FreeRTOS/queue.o
LOAD FreeRTOS/stream_buffer.o
LOAD FreeRTOS/tasks.o
LOAD FreeRTOS/timers.o
LOAD FreeRTOS/portable/GCC/ARM_CM3/port.o
LOAD FreeRTOS/portable/MemMang/heap_4.o
LOAD STM32F103C6_Driver/EXTI_DRIVER_STM32F103C6.o
LOAD STM32F103C6_Driver/GPIO_DRIVER_STM32F103C6.o
LOAD STM32F103C6_Driver/I2C_DRIVER_STM32F103C6.o
LOAD STM32F103C6_Driver/RCC_DRIVER_STM32F103C6.o
LOAD STM32F103C6_Driver/SPI_DRIVER_STM32F103C6.o
LOAD STM32F103C6_Driver/Timer.o
LOAD STM32F103C6_Driver/USART_DRIVER_STM32F103C6.o
LOAD Src/main.o
LOAD Src/syscalls.o
LOAD Src/sysmem.o
LOAD Startup/startup_stm32f103c6tx.o
START GROUP
LOAD c:/program files (x86)/stm32cubeide_1.4.0/stm32cubeide/plugins/com.st.stm32cube.ide.mcu.externaltools.gnu-tools-for-stm32.7-2018-q2-update.win32_1.4.0.202007081208/tools/bin/../lib/gcc/arm-none-eabi/7.3.1/../../../../arm-none-eabi/lib/thumb/v7-m\libc_nano.a
LOAD c:/program files (x86)/stm32cubeide_1.4.0/stm32cubeide/plugins/com.st.stm32cube.ide.mcu.externaltools.gnu-tools-for-stm32.7-2018-q2-update.win32_1.4.0.202007081208/tools/bin/../lib/gcc/arm-none-eabi/7.3.1/../../../../arm-none-eabi/lib/thumb/v7-m\libm.a
END GROUP
START GROUP
LOAD c:/program files (x86)/stm32cubeide_1.4.0/stm32cubeide/plugins/com.st.stm32cube.ide.mcu.externaltools.gnu-tools-for-stm32.7-2018-q2-update.win32_1.4.0.202007081208/tools/bin/../lib/gcc/arm-none-eabi/7.3.1/thumb/v7-m\libgcc.a
LOAD c:/program files (x86)/stm32cubeide_1.4.0/stm32cubeide/plugins/com.st.stm32cube.ide.mcu.externaltools.gnu-tools-for-stm32.7-2018-q2-update.win32_1.4.0.202007081208/tools/bin/../lib/gcc/arm-none-eabi/7.3.1/../../../../arm-none-eabi/lib/thumb/v7-m\libc_nano.a
END GROUP
START GROUP
LOAD c:/program files (x86)/stm32cubeide_1.4.0/stm32cubeide/plugins/com.st.stm32cube.ide.mcu.externaltools.gnu-tools-for-stm32.7-2018-q2-update.win32_1.4.0.202007081208/tools/bin/../lib/gcc/arm-none-eabi/7.3.1/thumb/v7-m\libgcc.a
LOAD c:/program files (x86)/stm32cubeide_1.4.0/stm32cubeide/plugins/com.st.stm32cube.ide.mcu.externaltools.gnu-tools-for-stm32.7-2018-q2-update.win32_1.4.0.202007081208/tools/bin/../lib/gcc/arm-none-eabi/7.3.1/../../../../arm-none-eabi/lib/thumb/v7-m\libc_nano.a
LOAD c:/program files (x86)/stm32cubeide_1.4.0/stm32cubeide/plugins/com.st.stm32cube.ide.mcu.externaltools.gnu-tools-for-stm32.7-2018-q2-update.win32_1.4.0.202007081208/tools/bin/../lib/gcc/arm-none-eabi/7.3.1/../../../../arm-none-eabi/lib/thumb/v7-m\libnosys.a
END GROUP
START GROUP
LOAD c:/program files (x86)/stm32cubeide_1.4.0/stm32cubeide/plugins/com.st.stm32cube.ide.mcu.externaltools.gnu-tools-for-stm32.7-2018-q2-update.win32_1.4.0.202007081208/tools/bin/../lib/gcc/arm-none-eabi/7.3.1/thumb/v7-m\libgcc.a
LOAD c:/program files (x86)/stm32cubeide_1.4.0/stm32cubeide/plugins/com.st.stm32cube.ide.mcu.externaltools.gnu-tools-for-stm32.7-2018-q2-update.win32_1.4.0.202007081208/tools/bin/../lib/gcc/arm-none-eabi/7.3.1/../../../../arm-none-eabi/lib/thumb/v7-m\libc_nano.a
LOAD c:/program files (x86)/stm32cubeide_1.4.0/stm32cubeide/plugins/com.st.stm32cube.ide.mcu.externaltools.gnu-tools-for-stm32.7-2018-q2-update.win32_1.4.0.202007081208/tools/bin/../lib/gcc/arm-none-eabi/7.3.1/../../../../arm-none-eabi/lib/thumb/v7-m\libnosys.a
END GROUP
LOAD c:/program files (x86)/stm32cubeide_1.4.0/stm32cubeide/plugins/com.st.stm32cube.ide.mcu.externaltools.gnu-tools-for-stm32.7-2018-q2-update.win32_1.4.0.202007081208/tools/bin/../lib/gcc/arm-none-eabi/7.3.1/thumb/v7-m/crtend.o
LOAD c:/program files (x86)/stm32cubeide_1.4.0/stm32cubeide/plugins/com.st.stm32cube.ide.mcu.externaltools.gnu-tools-for-stm32.7-2018-q2-update.win32_1.4.0.202007081208/tools/bin/../lib/gcc/arm-none-eabi/7.3.1/thumb/v7-m/crtn.o
                0x0000000020002800                _estack = (ORIGIN (RAM) + LENGTH (RAM))
                0x0000000000000200                _Min_Heap_Size = 0x200
                0x0000000000000400                _Min_Stack_Size = 0x400

.isr_vector     0x0000000008000000      0x130
                0x0000000008000000                . = ALIGN (0x4)
 *(.isr_vector)
 .isr_vector    0x0000000008000000      0x130 Startup/startup_stm32f103c6tx.o
                0x0000000008000000                g_pfnVectors
                0x0000000008000130                . = ALIGN (0x4)

.text           0x0000000008000130     0x2ee0
                0x0000000008000130                . = ALIGN (0x4)
 *(.text)
 .text          0x0000000008000130       0x40 c:/program files (x86)/stm32cubeide_1.4.0/stm32cubeide/plugins/com.st.stm32cube.ide.mcu.externaltools.gnu-tools-for-stm32.7-2018-q2-update.win32_1.4.0.202007081208/tools/bin/../lib/gcc/arm-none-eabi/7.3.1/thumb/v7-m/crtbegin.o
 .text          0x0000000008000170       0x10 c:/program files (x86)/stm32cubeide_1.4.0/stm32cubeide/plugins/com.st.stm32cube.ide.mcu.externaltools.gnu-tools-for-stm32.7-2018-q2-update.win32_1.4.0.202007081208/tools/bin/../lib/gcc/arm-none-eabi/7.3.1/../../../../arm-none-eabi/lib/thumb/v7-m\libc_nano.a(lib_a-strlen.o)
                0x0000000008000170                strlen
 *(.text*)
 .text.vListInitialise
                0x0000000008000180       0x3e FreeRTOS/list.o
                0x0000000008000180                vListInitialise
 .text.vListInitialiseItem
                0x00000000080001be       0x18 FreeRTOS/list.o
                0x00000000080001be                vListInitialiseItem
 .text.vListInsert
                0x00000000080001d6       0x70 FreeRTOS/list.o
                0x00000000080001d6                vListInsert
 .text.uxListRemove
                0x0000000008000246       0x52 FreeRTOS/list.o
                0x0000000008000246                uxListRemove
 .text.xQueueGenericReset
                0x0000000008000298       0xf4 FreeRTOS/queue.o
                0x0000000008000298                xQueueGenericReset
 .text.xQueueGenericCreate
                0x000000000800038c       0x8a FreeRTOS/queue.o
                0x000000000800038c                xQueueGenericCreate
 .text.prvInitialiseNewQueue
                0x0000000008000416       0x46 FreeRTOS/queue.o
 .text.xQueueGenericSend
                0x000000000800045c      0x154 FreeRTOS/queue.o
                0x000000000800045c                xQueueGenericSend
 .text.xQueueSemaphoreTake
                0x00000000080005b0      0x190 FreeRTOS/queue.o
                0x00000000080005b0                xQueueSemaphoreTake
 .text.prvGetDisinheritPriorityAfterTimeout
                0x0000000008000740       0x2e FreeRTOS/queue.o
 .text.prvCopyDataToQueue
                0x000000000800076e       0xd4 FreeRTOS/queue.o
 .text.prvUnlockQueue
                0x0000000008000842       0xa4 FreeRTOS/queue.o
 .text.prvIsQueueEmpty
                0x00000000080008e6       0x2c FreeRTOS/queue.o
 .text.prvIsQueueFull
                0x0000000008000912       0x30 FreeRTOS/queue.o
 .text.xTaskCreate
                0x0000000008000942       0x82 FreeRTOS/tasks.o
                0x0000000008000942                xTaskCreate
 .text.prvInitialiseNewTask
                0x00000000080009c4      0x10c FreeRTOS/tasks.o
 .text.prvAddNewTaskToReadyList
                0x0000000008000ad0      0x12c FreeRTOS/tasks.o
 .text.xTaskDelayUntil
                0x0000000008000bfc       0xa4 FreeRTOS/tasks.o
                0x0000000008000bfc                xTaskDelayUntil
 .text.vTaskDelay
                0x0000000008000ca0       0x48 FreeRTOS/tasks.o
                0x0000000008000ca0                vTaskDelay
 .text.vTaskStartScheduler
                0x0000000008000ce8       0x74 FreeRTOS/tasks.o
                0x0000000008000ce8                vTaskStartScheduler
 .text.vTaskSuspendAll
                0x0000000008000d5c       0x1c FreeRTOS/tasks.o
                0x0000000008000d5c                vTaskSuspendAll
 .text.xTaskResumeAll
                0x0000000008000d78      0x1d8 FreeRTOS/tasks.o
                0x0000000008000d78                xTaskResumeAll
 .text.xTaskGetTickCount
                0x0000000008000f50       0x1c FreeRTOS/tasks.o
                0x0000000008000f50                xTaskGetTickCount
 .text.xTaskIncrementTick
                0x0000000008000f6c      0x21c FreeRTOS/tasks.o
                0x0000000008000f6c                xTaskIncrementTick
 .text.vTaskSwitchContext
                0x0000000008001188       0x8c FreeRTOS/tasks.o
                0x0000000008001188                vTaskSwitchContext
 .text.vTaskPlaceOnEventList
                0x0000000008001214       0x2c FreeRTOS/tasks.o
                0x0000000008001214                vTaskPlaceOnEventList
 .text.xTaskRemoveFromEventList
                0x0000000008001240      0x190 FreeRTOS/tasks.o
                0x0000000008001240                xTaskRemoveFromEventList
 .text.vTaskInternalSetTimeOutState
                0x00000000080013d0       0x2c FreeRTOS/tasks.o
                0x00000000080013d0                vTaskInternalSetTimeOutState
 .text.xTaskCheckForTimeOut
                0x00000000080013fc       0x94 FreeRTOS/tasks.o
                0x00000000080013fc                xTaskCheckForTimeOut
 .text.vTaskMissedYield
                0x0000000008001490       0x18 FreeRTOS/tasks.o
                0x0000000008001490                vTaskMissedYield
 .text.prvIdleTask
                0x00000000080014a8       0x30 FreeRTOS/tasks.o
 .text.prvInitialiseTaskLists
                0x00000000080014d8       0x80 FreeRTOS/tasks.o
 .text.prvCheckTasksWaitingTermination
                0x0000000008001558       0x58 FreeRTOS/tasks.o
 .text.prvDeleteTCB
                0x00000000080015b0       0x20 FreeRTOS/tasks.o
 .text.prvResetNextTaskUnblockTime
                0x00000000080015d0       0x34 FreeRTOS/tasks.o
 .text.xTaskPriorityInherit
                0x0000000008001604      0x13c FreeRTOS/tasks.o
                0x0000000008001604                xTaskPriorityInherit
 .text.xTaskPriorityDisinherit
                0x0000000008001740      0x104 FreeRTOS/tasks.o
                0x0000000008001740                xTaskPriorityDisinherit
 .text.vTaskPriorityDisinheritAfterTimeout
                0x0000000008001844      0x12c FreeRTOS/tasks.o
                0x0000000008001844                vTaskPriorityDisinheritAfterTimeout
 .text.pvTaskIncrementMutexHeldCount
                0x0000000008001970       0x28 FreeRTOS/tasks.o
                0x0000000008001970                pvTaskIncrementMutexHeldCount
 .text.prvAddCurrentTaskToDelayedList
                0x0000000008001998      0x100 FreeRTOS/tasks.o
 .text.pxPortInitialiseStack
                0x0000000008001a98       0x54 FreeRTOS/portable/GCC/ARM_CM3/port.o
                0x0000000008001a98                pxPortInitialiseStack
 .text.prvTaskExitError
                0x0000000008001aec       0x2e FreeRTOS/portable/GCC/ARM_CM3/port.o
 *fill*         0x0000000008001b1a        0x6 
 .text.SVC_Handler
                0x0000000008001b20       0x28 FreeRTOS/portable/GCC/ARM_CM3/port.o
                0x0000000008001b20                SVC_Handler
 .text.prvPortStartFirstTask
                0x0000000008001b48       0x24 FreeRTOS/portable/GCC/ARM_CM3/port.o
 .text.xPortStartScheduler
                0x0000000008001b6c       0x40 FreeRTOS/portable/GCC/ARM_CM3/port.o
                0x0000000008001b6c                xPortStartScheduler
 .text.vPortEnterCritical
                0x0000000008001bac       0x30 FreeRTOS/portable/GCC/ARM_CM3/port.o
                0x0000000008001bac                vPortEnterCritical
 .text.vPortExitCritical
                0x0000000008001bdc       0x30 FreeRTOS/portable/GCC/ARM_CM3/port.o
                0x0000000008001bdc                vPortExitCritical
 *fill*         0x0000000008001c0c        0x4 
 .text.PendSV_Handler
                0x0000000008001c10       0x48 FreeRTOS/portable/GCC/ARM_CM3/port.o
                0x0000000008001c10                PendSV_Handler
 .text.SysTick_Handler
                0x0000000008001c58       0x40 FreeRTOS/portable/GCC/ARM_CM3/port.o
                0x0000000008001c58                SysTick_Handler
 .text.vPortSetupTimerInterrupt
                0x0000000008001c98       0x34 FreeRTOS/portable/GCC/ARM_CM3/port.o
                0x0000000008001c98                vPortSetupTimerInterrupt
 .text.pvPortMalloc
                0x0000000008001ccc      0x15c FreeRTOS/portable/MemMang/heap_4.o
                0x0000000008001ccc                pvPortMalloc
 .text.vPortFree
                0x0000000008001e28       0x80 FreeRTOS/portable/MemMang/heap_4.o
                0x0000000008001e28                vPortFree
 .text.prvHeapInit
                0x0000000008001ea8       0xc4 FreeRTOS/portable/MemMang/heap_4.o
 .text.prvInsertBlockIntoFreeList
                0x0000000008001f6c       0xb0 FreeRTOS/portable/MemMang/heap_4.o
 .text.EXTI0_IRQHandler
                0x000000000800201c       0x24 STM32F103C6_Driver/EXTI_DRIVER_STM32F103C6.o
                0x000000000800201c                EXTI0_IRQHandler
 .text.EXTI1_IRQHandler
                0x0000000008002040       0x24 STM32F103C6_Driver/EXTI_DRIVER_STM32F103C6.o
                0x0000000008002040                EXTI1_IRQHandler
 .text.EXTI2_IRQHandler
                0x0000000008002064       0x24 STM32F103C6_Driver/EXTI_DRIVER_STM32F103C6.o
                0x0000000008002064                EXTI2_IRQHandler
 .text.EXTI3_IRQHandler
                0x0000000008002088       0x24 STM32F103C6_Driver/EXTI_DRIVER_STM32F103C6.o
                0x0000000008002088                EXTI3_IRQHandler
 .text.EXTI4_IRQHandler
                0x00000000080020ac       0x24 STM32F103C6_Driver/EXTI_DRIVER_STM32F103C6.o
                0x00000000080020ac                EXTI4_IRQHandler
 .text.EXTI9_5_IRQHandler
                0x00000000080020d0       0xa8 STM32F103C6_Driver/EXTI_DRIVER_STM32F103C6.o
                0x00000000080020d0                EXTI9_5_IRQHandler
 .text.EXTI15_10_IRQHandler
                0x0000000008002178       0xc4 STM32F103C6_Driver/EXTI_DRIVER_STM32F103C6.o
                0x0000000008002178                EXTI15_10_IRQHandler
 .text.Get_CRLH_Position
                0x000000000800223c       0xc6 STM32F103C6_Driver/GPIO_DRIVER_STM32F103C6.o
                0x000000000800223c                Get_CRLH_Position
 .text.MCAL_GPIO_Init
                0x0000000008002302       0xfe STM32F103C6_Driver/GPIO_DRIVER_STM32F103C6.o
                0x0000000008002302                MCAL_GPIO_Init
 .text.MCAL_GPIO_WritePin
                0x0000000008002400       0x2e STM32F103C6_Driver/GPIO_DRIVER_STM32F103C6.o
                0x0000000008002400                MCAL_GPIO_WritePin
 .text.I2C1_EV_IRQHandler
                0x000000000800242e        0xc STM32F103C6_Driver/I2C_DRIVER_STM32F103C6.o
                0x000000000800242e                I2C1_EV_IRQHandler
 .text.I2C1_ER_IRQHandler
                0x000000000800243a        0xc STM32F103C6_Driver/I2C_DRIVER_STM32F103C6.o
                0x000000000800243a                I2C1_ER_IRQHandler
 .text.I2C2_EV_IRQHandler
                0x0000000008002446        0xc STM32F103C6_Driver/I2C_DRIVER_STM32F103C6.o
                0x0000000008002446                I2C2_EV_IRQHandler
 .text.I2C2_ER_IRQHandler
                0x0000000008002452        0xc STM32F103C6_Driver/I2C_DRIVER_STM32F103C6.o
                0x0000000008002452                I2C2_ER_IRQHandler
 *fill*         0x000000000800245e        0x2 
 .text.MCAL_RCC_Get_System_CLK_Frequency
                0x0000000008002460       0x40 STM32F103C6_Driver/RCC_DRIVER_STM32F103C6.o
                0x0000000008002460                MCAL_RCC_Get_System_CLK_Frequency
 .text.MCAL_RCC_Get_HCLK_Frequency
                0x00000000080024a0       0x28 STM32F103C6_Driver/RCC_DRIVER_STM32F103C6.o
                0x00000000080024a0                MCAL_RCC_Get_HCLK_Frequency
 .text.MCAL_RCC_Get_PCLK1_Frequency
                0x00000000080024c8       0x28 STM32F103C6_Driver/RCC_DRIVER_STM32F103C6.o
                0x00000000080024c8                MCAL_RCC_Get_PCLK1_Frequency
 .text.MCAL_RCC_Get_PCLK2_Frequency
                0x00000000080024f0       0x28 STM32F103C6_Driver/RCC_DRIVER_STM32F103C6.o
                0x00000000080024f0                MCAL_RCC_Get_PCLK2_Frequency
 .text.SPI1_IRQHandler
                0x0000000008002518       0x5c STM32F103C6_Driver/SPI_DRIVER_STM32F103C6.o
                0x0000000008002518                SPI1_IRQHandler
 .text.SPI2_IRQHandler
                0x0000000008002574       0x5c STM32F103C6_Driver/SPI_DRIVER_STM32F103C6.o
                0x0000000008002574                SPI2_IRQHandler
 .text.MCAL_UART_Init
                0x00000000080025d0      0x190 STM32F103C6_Driver/USART_DRIVER_STM32F103C6.o
                0x00000000080025d0                MCAL_UART_Init
 .text.Which_UART
                0x0000000008002760       0x44 STM32F103C6_Driver/USART_DRIVER_STM32F103C6.o
 .text.MCAL_UART_GPIO_Set_Pins
                0x00000000080027a4      0x1f8 STM32F103C6_Driver/USART_DRIVER_STM32F103C6.o
                0x00000000080027a4                MCAL_UART_GPIO_Set_Pins
 .text.MCAL_UART_Send_Data
                0x000000000800299c       0x60 STM32F103C6_Driver/USART_DRIVER_STM32F103C6.o
                0x000000000800299c                MCAL_UART_Send_Data
 .text.USART1_IRQHandler
                0x00000000080029fc       0x14 STM32F103C6_Driver/USART_DRIVER_STM32F103C6.o
                0x00000000080029fc                USART1_IRQHandler
 .text.USART2_IRQHandler
                0x0000000008002a10       0x14 STM32F103C6_Driver/USART_DRIVER_STM32F103C6.o
                0x0000000008002a10                USART2_IRQHandler
 .text.USART3_IRQHandler
                0x0000000008002a24       0x14 STM32F103C6_Driver/USART_DRIVER_STM32F103C6.o
                0x0000000008002a24                USART3_IRQHandler
 .text.Clock_init
                0x0000000008002a38       0x34 Src/main.o
                0x0000000008002a38                Clock_init
 .text.FunUARTConfig
                0x0000000008002a6c       0x40 Src/main.o
                0x0000000008002a6c                FunUARTConfig
 .text.FunGPIOConfig
                0x0000000008002aac       0xac Src/main.o
                0x0000000008002aac                FunGPIOConfig
 .text.main     0x0000000008002b58       0xc4 Src/main.o
                0x0000000008002b58                main
 .text.FunPrintSemaphoreState
                0x0000000008002c1c      0x114 Src/main.o
                0x0000000008002c1c                FunPrintSemaphoreState
 .text.vTask1Handler
                0x0000000008002d30       0xd0 Src/main.o
                0x0000000008002d30                vTask1Handler
 .text.vTask2Handler
                0x0000000008002e00       0x48 Src/main.o
                0x0000000008002e00                vTask2Handler
 .text.vTask3Handler
                0x0000000008002e48       0xc8 Src/main.o
                0x0000000008002e48                vTask3Handler
 .text.vApplicationTickHook
                0x0000000008002f10       0x24 Src/main.o
                0x0000000008002f10                vApplicationTickHook
 .text.Reset_Handler
                0x0000000008002f34       0x50 Startup/startup_stm32f103c6tx.o
                0x0000000008002f34                Reset_Handler
 .text.Default_Handler
                0x0000000008002f84        0x2 Startup/startup_stm32f103c6tx.o
                0x0000000008002f84                TIM8_TRG_COM_IRQHandler
                0x0000000008002f84                TIM8_CC_IRQHandler
                0x0000000008002f84                DebugMon_Handler
                0x0000000008002f84                TIM1_CC_IRQHandler
                0x0000000008002f84                HardFault_Handler
                0x0000000008002f84                TIM6_IRQHandler
                0x0000000008002f84                PVD_IRQHandler
                0x0000000008002f84                SDIO_IRQHandler
                0x0000000008002f84                NMI_Handler
                0x0000000008002f84                USB_HP_CAN_TX_IRQHandler
                0x0000000008002f84                UsageFault_Handler
                0x0000000008002f84                ADC1_2_IRQHandler
                0x0000000008002f84                CAN_SCE_IRQHandler
                0x0000000008002f84                TAMPER_IRQHandler
                0x0000000008002f84                TIM8_UP_IRQHandler
                0x0000000008002f84                DMA2_Channel2_IRQHandler
                0x0000000008002f84                DMA1_Channel4_IRQHandler
                0x0000000008002f84                RTC_IRQHandler
                0x0000000008002f84                DMA1_Channel7_IRQHandler
                0x0000000008002f84                UART5_IRQHandler
                0x0000000008002f84                ADC3_IRQHandler
                0x0000000008002f84                TIM4_IRQHandler
                0x0000000008002f84                CAN_RX1_IRQHandler
                0x0000000008002f84                DMA2_Channel1_IRQHandler
                0x0000000008002f84                DMA1_Channel6_IRQHandler
                0x0000000008002f84                UART4_IRQHandler
                0x0000000008002f84                TIM3_IRQHandler
                0x0000000008002f84                RCC_IRQHandler
                0x0000000008002f84                TIM1_TRG_COM_IRQHandler
                0x0000000008002f84                DMA1_Channel1_IRQHandler
                0x0000000008002f84                Default_Handler
                0x0000000008002f84                TIM7_IRQHandler
                0x0000000008002f84                TIM5_IRQHandler
                0x0000000008002f84                USB_LP_CAN_RX0_IRQHandler
                0x0000000008002f84                MemManage_Handler
                0x0000000008002f84                DMA1_Channel5_IRQHandler
                0x0000000008002f84                DMA1_Channel3_IRQHandler
                0x0000000008002f84                FSMC_IRQHandler
                0x0000000008002f84                TIM1_UP_IRQHandler
                0x0000000008002f84                WWDG_IRQHandler
                0x0000000008002f84                TIM2_IRQHandler
                0x0000000008002f84                TIM1_BRK_IRQHandler
                0x0000000008002f84                RTCAlarm_IRQHandler
                0x0000000008002f84                DMA2_Channel4_5_IRQHandler
                0x0000000008002f84                DMA1_Channel2_IRQHandler
                0x0000000008002f84                TIM8_BRK_IRQHandler
                0x0000000008002f84                FLASH_IRQHandler
                0x0000000008002f84                BusFault_Handler
                0x0000000008002f84                SPI3_IRQHandler
                0x0000000008002f84                DMA2_Channel3_IRQHandler
 *fill*         0x0000000008002f86        0x2 
 .text.__libc_init_array
                0x0000000008002f88       0x48 c:/program files (x86)/stm32cubeide_1.4.0/stm32cubeide/plugins/com.st.stm32cube.ide.mcu.externaltools.gnu-tools-for-stm32.7-2018-q2-update.win32_1.4.0.202007081208/tools/bin/../lib/gcc/arm-none-eabi/7.3.1/../../../../arm-none-eabi/lib/thumb/v7-m\libc_nano.a(lib_a-init.o)
                0x0000000008002f88                __libc_init_array
 .text.memcpy   0x0000000008002fd0       0x16 c:/program files (x86)/stm32cubeide_1.4.0/stm32cubeide/plugins/com.st.stm32cube.ide.mcu.externaltools.gnu-tools-for-stm32.7-2018-q2-update.win32_1.4.0.202007081208/tools/bin/../lib/gcc/arm-none-eabi/7.3.1/../../../../arm-none-eabi/lib/thumb/v7-m\libc_nano.a(lib_a-memcpy-stub.o)
                0x0000000008002fd0                memcpy
 .text.memset   0x0000000008002fe6       0x10 c:/program files (x86)/stm32cubeide_1.4.0/stm32cubeide/plugins/com.st.stm32cube.ide.mcu.externaltools.gnu-tools-for-stm32.7-2018-q2-update.win32_1.4.0.202007081208/tools/bin/../lib/gcc/arm-none-eabi/7.3.1/../../../../arm-none-eabi/lib/thumb/v7-m\libc_nano.a(lib_a-memset.o)
                0x0000000008002fe6                memset
 *(.glue_7)
 .glue_7        0x0000000008002ff6        0x0 linker stubs
 *(.glue_7t)
 .glue_7t       0x0000000008002ff6        0x0 linker stubs
 *(.eh_frame)
 *fill*         0x0000000008002ff6        0x2 
 .eh_frame      0x0000000008002ff8        0x0 c:/program files (x86)/stm32cubeide_1.4.0/stm32cubeide/plugins/com.st.stm32cube.ide.mcu.externaltools.gnu-tools-for-stm32.7-2018-q2-update.win32_1.4.0.202007081208/tools/bin/../lib/gcc/arm-none-eabi/7.3.1/thumb/v7-m/crtbegin.o
 *(.init)
 .init          0x0000000008002ff8        0x4 c:/program files (x86)/stm32cubeide_1.4.0/stm32cubeide/plugins/com.st.stm32cube.ide.mcu.externaltools.gnu-tools-for-stm32.7-2018-q2-update.win32_1.4.0.202007081208/tools/bin/../lib/gcc/arm-none-eabi/7.3.1/thumb/v7-m/crti.o
                0x0000000008002ff8                _init
 .init          0x0000000008002ffc        0x8 c:/program files (x86)/stm32cubeide_1.4.0/stm32cubeide/plugins/com.st.stm32cube.ide.mcu.externaltools.gnu-tools-for-stm32.7-2018-q2-update.win32_1.4.0.202007081208/tools/bin/../lib/gcc/arm-none-eabi/7.3.1/thumb/v7-m/crtn.o
 *(.fini)
 .fini          0x0000000008003004        0x4 c:/program files (x86)/stm32cubeide_1.4.0/stm32cubeide/plugins/com.st.stm32cube.ide.mcu.externaltools.gnu-tools-for-stm32.7-2018-q2-update.win32_1.4.0.202007081208/tools/bin/../lib/gcc/arm-none-eabi/7.3.1/thumb/v7-m/crti.o
                0x0000000008003004                _fini
 .fini          0x0000000008003008        0x8 c:/program files (x86)/stm32cubeide_1.4.0/stm32cubeide/plugins/com.st.stm32cube.ide.mcu.externaltools.gnu-tools-for-stm32.7-2018-q2-update.win32_1.4.0.202007081208/tools/bin/../lib/gcc/arm-none-eabi/7.3.1/thumb/v7-m/crtn.o
                0x0000000008003010                . = ALIGN (0x4)
                0x0000000008003010                _etext = .

.vfp11_veneer   0x0000000008003010        0x0
 .vfp11_veneer  0x0000000008003010        0x0 linker stubs

.v4_bx          0x0000000008003010        0x0
 .v4_bx         0x0000000008003010        0x0 linker stubs

.iplt           0x0000000008003010        0x0
 .iplt          0x0000000008003010        0x0 c:/program files (x86)/stm32cubeide_1.4.0/stm32cubeide/plugins/com.st.stm32cube.ide.mcu.externaltools.gnu-tools-for-stm32.7-2018-q2-update.win32_1.4.0.202007081208/tools/bin/../lib/gcc/arm-none-eabi/7.3.1/thumb/v7-m/crtbegin.o

.rodata         0x0000000008003010       0x90
                0x0000000008003010                . = ALIGN (0x4)
 *(.rodata)
 .rodata        0x0000000008003010        0x5 FreeRTOS/tasks.o
 *fill*         0x0000000008003015        0x3 
 .rodata        0x0000000008003018       0x6f Src/main.o
 *(.rodata*)
 *fill*         0x0000000008003087        0x1 
 .rodata.APB_prescaler_Table
                0x0000000008003088        0x8 STM32F103C6_Driver/RCC_DRIVER_STM32F103C6.o
                0x0000000008003088                APB_prescaler_Table
 .rodata.AHB_prescaler_Table
                0x0000000008003090       0x10 STM32F103C6_Driver/RCC_DRIVER_STM32F103C6.o
                0x0000000008003090                AHB_prescaler_Table
                0x00000000080030a0                . = ALIGN (0x4)

.rel.dyn        0x00000000080030a0        0x0
 .rel.iplt      0x00000000080030a0        0x0 c:/program files (x86)/stm32cubeide_1.4.0/stm32cubeide/plugins/com.st.stm32cube.ide.mcu.externaltools.gnu-tools-for-stm32.7-2018-q2-update.win32_1.4.0.202007081208/tools/bin/../lib/gcc/arm-none-eabi/7.3.1/thumb/v7-m/crtbegin.o

.ARM.extab      0x00000000080030a0        0x0
                0x00000000080030a0                . = ALIGN (0x4)
 *(.ARM.extab* .gnu.linkonce.armextab.*)
                0x00000000080030a0                . = ALIGN (0x4)

.ARM            0x00000000080030a0        0x0
                0x00000000080030a0                . = ALIGN (0x4)
                0x00000000080030a0                __exidx_start = .
 *(.ARM.exidx*)
                0x00000000080030a0                __exidx_end = .
                0x00000000080030a0                . = ALIGN (0x4)

.preinit_array  0x00000000080030a0        0x0
                0x00000000080030a0                . = ALIGN (0x4)
                0x00000000080030a0                PROVIDE (__preinit_array_start = .)
 *(.preinit_array*)
                0x00000000080030a0                PROVIDE (__preinit_array_end = .)
                0x00000000080030a0                . = ALIGN (0x4)

.init_array     0x00000000080030a0        0x4
                0x00000000080030a0                . = ALIGN (0x4)
                0x00000000080030a0                PROVIDE (__init_array_start = .)
 *(SORT_BY_NAME(.init_array.*))
 *(.init_array*)
 .init_array    0x00000000080030a0        0x4 c:/program files (x86)/stm32cubeide_1.4.0/stm32cubeide/plugins/com.st.stm32cube.ide.mcu.externaltools.gnu-tools-for-stm32.7-2018-q2-update.win32_1.4.0.202007081208/tools/bin/../lib/gcc/arm-none-eabi/7.3.1/thumb/v7-m/crtbegin.o
                0x00000000080030a4                PROVIDE (__init_array_end = .)
                0x00000000080030a4                . = ALIGN (0x4)

.fini_array     0x00000000080030a4        0x4
                0x00000000080030a4                . = ALIGN (0x4)
                [!provide]                        PROVIDE (__fini_array_start = .)
 *(SORT_BY_NAME(.fini_array.*))
 *(.fini_array*)
 .fini_array    0x00000000080030a4        0x4 c:/program files (x86)/stm32cubeide_1.4.0/stm32cubeide/plugins/com.st.stm32cube.ide.mcu.externaltools.gnu-tools-for-stm32.7-2018-q2-update.win32_1.4.0.202007081208/tools/bin/../lib/gcc/arm-none-eabi/7.3.1/thumb/v7-m/crtbegin.o
                [!provide]                        PROVIDE (__fini_array_end = .)
                0x00000000080030a8                . = ALIGN (0x4)
                0x00000000080030a8                _sidata = LOADADDR (.data)

.data           0x0000000020000000        0x8 load address 0x00000000080030a8
                0x0000000020000000                . = ALIGN (0x4)
                0x0000000020000000                _sdata = .
 *(.data)
 *(.data*)
 .data.uxTopUsedPriority
                0x0000000020000000        0x4 FreeRTOS/tasks.o
                0x0000000020000000                uxTopUsedPriority
 .data.uxCriticalNesting
                0x0000000020000004        0x4 FreeRTOS/portable/GCC/ARM_CM3/port.o
                0x0000000020000008                . = ALIGN (0x4)
                0x0000000020000008                _edata = .

.igot.plt       0x0000000020000008        0x0 load address 0x00000000080030b0
 .igot.plt      0x0000000020000008        0x0 c:/program files (x86)/stm32cubeide_1.4.0/stm32cubeide/plugins/com.st.stm32cube.ide.mcu.externaltools.gnu-tools-for-stm32.7-2018-q2-update.win32_1.4.0.202007081208/tools/bin/../lib/gcc/arm-none-eabi/7.3.1/thumb/v7-m/crtbegin.o
                0x0000000020000008                . = ALIGN (0x4)

.bss            0x0000000020000008     0x21e0 load address 0x00000000080030b0
                0x0000000020000008                _sbss = .
                0x0000000020000008                __bss_start__ = _sbss
 *(.bss)
 .bss           0x0000000020000008       0x1c c:/program files (x86)/stm32cubeide_1.4.0/stm32cubeide/plugins/com.st.stm32cube.ide.mcu.externaltools.gnu-tools-for-stm32.7-2018-q2-update.win32_1.4.0.202007081208/tools/bin/../lib/gcc/arm-none-eabi/7.3.1/thumb/v7-m/crtbegin.o
 *(.bss*)
 .bss.pxCurrentTCB
                0x0000000020000024        0x4 FreeRTOS/tasks.o
                0x0000000020000024                pxCurrentTCB
 .bss.pxReadyTasksLists
                0x0000000020000028       0x64 FreeRTOS/tasks.o
 .bss.xDelayedTaskList1
                0x000000002000008c       0x14 FreeRTOS/tasks.o
 .bss.xDelayedTaskList2
                0x00000000200000a0       0x14 FreeRTOS/tasks.o
 .bss.pxDelayedTaskList
                0x00000000200000b4        0x4 FreeRTOS/tasks.o
 .bss.pxOverflowDelayedTaskList
                0x00000000200000b8        0x4 FreeRTOS/tasks.o
 .bss.xPendingReadyList
                0x00000000200000bc       0x14 FreeRTOS/tasks.o
 .bss.xTasksWaitingTermination
                0x00000000200000d0       0x14 FreeRTOS/tasks.o
 .bss.uxDeletedTasksWaitingCleanUp
                0x00000000200000e4        0x4 FreeRTOS/tasks.o
 .bss.xSuspendedTaskList
                0x00000000200000e8       0x14 FreeRTOS/tasks.o
 .bss.uxCurrentNumberOfTasks
                0x00000000200000fc        0x4 FreeRTOS/tasks.o
 .bss.xTickCount
                0x0000000020000100        0x4 FreeRTOS/tasks.o
 .bss.uxTopReadyPriority
                0x0000000020000104        0x4 FreeRTOS/tasks.o
 .bss.xSchedulerRunning
                0x0000000020000108        0x4 FreeRTOS/tasks.o
 .bss.xPendedTicks
                0x000000002000010c        0x4 FreeRTOS/tasks.o
 .bss.xYieldPending
                0x0000000020000110        0x4 FreeRTOS/tasks.o
 .bss.xNumOfOverflows
                0x0000000020000114        0x4 FreeRTOS/tasks.o
 .bss.uxTaskNumber
                0x0000000020000118        0x4 FreeRTOS/tasks.o
 .bss.xNextTaskUnblockTime
                0x000000002000011c        0x4 FreeRTOS/tasks.o
 .bss.xIdleTaskHandle
                0x0000000020000120        0x4 FreeRTOS/tasks.o
 .bss.uxSchedulerSuspended
                0x0000000020000124        0x4 FreeRTOS/tasks.o
 .bss.ucHeap    0x0000000020000128     0x2000 FreeRTOS/portable/MemMang/heap_4.o
 .bss.xStart    0x0000000020002128        0x8 FreeRTOS/portable/MemMang/heap_4.o
 .bss.pxEnd     0x0000000020002130        0x4 FreeRTOS/portable/MemMang/heap_4.o
 .bss.xFreeBytesRemaining
                0x0000000020002134        0x4 FreeRTOS/portable/MemMang/heap_4.o
 .bss.xMinimumEverFreeBytesRemaining
                0x0000000020002138        0x4 FreeRTOS/portable/MemMang/heap_4.o
 .bss.xNumberOfSuccessfulAllocations
                0x000000002000213c        0x4 FreeRTOS/portable/MemMang/heap_4.o
 .bss.xNumberOfSuccessfulFrees
                0x0000000020002140        0x4 FreeRTOS/portable/MemMang/heap_4.o
 .bss.xBlockAllocatedBit
                0x0000000020002144        0x4 FreeRTOS/portable/MemMang/heap_4.o
 .bss.Global_SPI_Congig
                0x0000000020002148        0x8 STM32F103C6_Driver/SPI_DRIVER_STM32F103C6.o
                0x0000000020002148                Global_SPI_Congig
 .bss.Global_UART_Config
                0x0000000020002150        0xc STM32F103C6_Driver/USART_DRIVER_STM32F103C6.o
                0x0000000020002150                Global_UART_Config
 .bss.xTask1_Handel
                0x000000002000215c        0x4 Src/main.o
                0x000000002000215c                xTask1_Handel
 .bss.xTask2_Handel
                0x0000000020002160        0x4 Src/main.o
                0x0000000020002160                xTask2_Handel
 .bss.xTask3_Handel
                0x0000000020002164        0x4 Src/main.o
                0x0000000020002164                xTask3_Handel
 .bss.xSemaphore1
                0x0000000020002168        0x4 Src/main.o
                0x0000000020002168                xSemaphore1
 .bss.xSemaphore2
                0x000000002000216c        0x4 Src/main.o
                0x000000002000216c                xSemaphore2
 *(COMMON)
 COMMON         0x0000000020002170       0x3c STM32F103C6_Driver/EXTI_DRIVER_STM32F103C6.o
                0x0000000020002170                GP_IRQ_CallBack
 COMMON         0x00000000200021ac       0x3c Src/main.o
                0x00000000200021ac                UART_Message
                0x00000000200021e8                . = ALIGN (0x4)
                0x00000000200021e8                _ebss = .
                0x00000000200021e8                __bss_end__ = _ebss

._user_heap_stack
                0x00000000200021e8      0x600 load address 0x00000000080030b0
                0x00000000200021e8                . = ALIGN (0x8)
                [!provide]                        PROVIDE (end = .)
                0x00000000200021e8                PROVIDE (_end = .)
                0x00000000200023e8                . = (. + _Min_Heap_Size)
 *fill*         0x00000000200021e8      0x200 
                0x00000000200027e8                . = (. + _Min_Stack_Size)
 *fill*         0x00000000200023e8      0x400 
                0x00000000200027e8                . = ALIGN (0x8)

/DISCARD/
 libc.a(*)
 libm.a(*)
 libgcc.a(*)

.ARM.attributes
                0x0000000000000000       0x29
 *(.ARM.attributes)
 .ARM.attributes
                0x0000000000000000       0x1d c:/program files (x86)/stm32cubeide_1.4.0/stm32cubeide/plugins/com.st.stm32cube.ide.mcu.externaltools.gnu-tools-for-stm32.7-2018-q2-update.win32_1.4.0.202007081208/tools/bin/../lib/gcc/arm-none-eabi/7.3.1/thumb/v7-m/crti.o
 .ARM.attributes
                0x000000000000001d       0x2d c:/program files (x86)/stm32cubeide_1.4.0/stm32cubeide/plugins/com.st.stm32cube.ide.mcu.externaltools.gnu-tools-for-stm32.7-2018-q2-update.win32_1.4.0.202007081208/tools/bin/../lib/gcc/arm-none-eabi/7.3.1/thumb/v7-m/crtbegin.o
 .ARM.attributes
                0x000000000000004a       0x33 FreeRTOS/list.o
 .ARM.attributes
                0x000000000000007d       0x33 FreeRTOS/queue.o
 .ARM.attributes
                0x00000000000000b0       0x33 FreeRTOS/tasks.o
 .ARM.attributes
                0x00000000000000e3       0x33 FreeRTOS/portable/GCC/ARM_CM3/port.o
 .ARM.attributes
                0x0000000000000116       0x33 FreeRTOS/portable/MemMang/heap_4.o
 .ARM.attributes
                0x0000000000000149       0x33 STM32F103C6_Driver/EXTI_DRIVER_STM32F103C6.o
 .ARM.attributes
                0x000000000000017c       0x33 STM32F103C6_Driver/GPIO_DRIVER_STM32F103C6.o
 .ARM.attributes
                0x00000000000001af       0x33 STM32F103C6_Driver/I2C_DRIVER_STM32F103C6.o
 .ARM.attributes
                0x00000000000001e2       0x33 STM32F103C6_Driver/RCC_DRIVER_STM32F103C6.o
 .ARM.attributes
                0x0000000000000215       0x33 STM32F103C6_Driver/SPI_DRIVER_STM32F103C6.o
 .ARM.attributes
                0x0000000000000248       0x33 STM32F103C6_Driver/USART_DRIVER_STM32F103C6.o
 .ARM.attributes
                0x000000000000027b       0x33 Src/main.o
 .ARM.attributes
                0x00000000000002ae       0x21 Startup/startup_stm32f103c6tx.o
 .ARM.attributes
                0x00000000000002cf       0x2d c:/program files (x86)/stm32cubeide_1.4.0/stm32cubeide/plugins/com.st.stm32cube.ide.mcu.externaltools.gnu-tools-for-stm32.7-2018-q2-update.win32_1.4.0.202007081208/tools/bin/../lib/gcc/arm-none-eabi/7.3.1/../../../../arm-none-eabi/lib/thumb/v7-m\libc_nano.a(lib_a-init.o)
 .ARM.attributes
                0x00000000000002fc       0x2d c:/program files (x86)/stm32cubeide_1.4.0/stm32cubeide/plugins/com.st.stm32cube.ide.mcu.externaltools.gnu-tools-for-stm32.7-2018-q2-update.win32_1.4.0.202007081208/tools/bin/../lib/gcc/arm-none-eabi/7.3.1/../../../../arm-none-eabi/lib/thumb/v7-m\libc_nano.a(lib_a-memcpy-stub.o)
 .ARM.attributes
                0x0000000000000329       0x2d c:/program files (x86)/stm32cubeide_1.4.0/stm32cubeide/plugins/com.st.stm32cube.ide.mcu.externaltools.gnu-tools-for-stm32.7-2018-q2-update.win32_1.4.0.202007081208/tools/bin/../lib/gcc/arm-none-eabi/7.3.1/../../../../arm-none-eabi/lib/thumb/v7-m\libc_nano.a(lib_a-memset.o)
 .ARM.attributes
                0x0000000000000356       0x17 c:/program files (x86)/stm32cubeide_1.4.0/stm32cubeide/plugins/com.st.stm32cube.ide.mcu.externaltools.gnu-tools-for-stm32.7-2018-q2-update.win32_1.4.0.202007081208/tools/bin/../lib/gcc/arm-none-eabi/7.3.1/../../../../arm-none-eabi/lib/thumb/v7-m\libc_nano.a(lib_a-strlen.o)
 .ARM.attributes
                0x000000000000036d       0x1d c:/program files (x86)/stm32cubeide_1.4.0/stm32cubeide/plugins/com.st.stm32cube.ide.mcu.externaltools.gnu-tools-for-stm32.7-2018-q2-update.win32_1.4.0.202007081208/tools/bin/../lib/gcc/arm-none-eabi/7.3.1/thumb/v7-m/crtn.o
OUTPUT(RTOS_Deadlock.elf elf32-littlearm)

.debug_info     0x0000000000000000     0xb4a7
 .debug_info    0x0000000000000000      0xac0 FreeRTOS/list.o
 .debug_info    0x0000000000000ac0     0x1977 FreeRTOS/queue.o
 .debug_info    0x0000000000002437     0x2592 FreeRTOS/tasks.o
 .debug_info    0x00000000000049c9      0x2df FreeRTOS/portable/GCC/ARM_CM3/port.o
 .debug_info    0x0000000000004ca8      0xc0f FreeRTOS/portable/MemMang/heap_4.o
 .debug_info    0x00000000000058b7      0xc59 STM32F103C6_Driver/EXTI_DRIVER_STM32F103C6.o
 .debug_info    0x0000000000006510      0xc73 STM32F103C6_Driver/GPIO_DRIVER_STM32F103C6.o
 .debug_info    0x0000000000007183     0x10a5 STM32F103C6_Driver/I2C_DRIVER_STM32F103C6.o
 .debug_info    0x0000000000008228      0xa0d STM32F103C6_Driver/RCC_DRIVER_STM32F103C6.o
 .debug_info    0x0000000000008c35      0xdaf STM32F103C6_Driver/SPI_DRIVER_STM32F103C6.o
 .debug_info    0x00000000000099e4      0xd15 STM32F103C6_Driver/USART_DRIVER_STM32F103C6.o
 .debug_info    0x000000000000a6f9      0xd8c Src/main.o
 .debug_info    0x000000000000b485       0x22 Startup/startup_stm32f103c6tx.o

.debug_abbrev   0x0000000000000000     0x1bc8
 .debug_abbrev  0x0000000000000000      0x1cf FreeRTOS/list.o
 .debug_abbrev  0x00000000000001cf      0x2e0 FreeRTOS/queue.o
 .debug_abbrev  0x00000000000004af      0x350 FreeRTOS/tasks.o
 .debug_abbrev  0x00000000000007ff      0x1cb FreeRTOS/portable/GCC/ARM_CM3/port.o
 .debug_abbrev  0x00000000000009ca      0x23d FreeRTOS/portable/MemMang/heap_4.o
 .debug_abbrev  0x0000000000000c07      0x21d STM32F103C6_Driver/EXTI_DRIVER_STM32F103C6.o
 .debug_abbrev  0x0000000000000e24      0x23f STM32F103C6_Driver/GPIO_DRIVER_STM32F103C6.o
 .debug_abbrev  0x0000000000001063      0x287 STM32F103C6_Driver/I2C_DRIVER_STM32F103C6.o
 .debug_abbrev  0x00000000000012ea      0x1a8 STM32F103C6_Driver/RCC_DRIVER_STM32F103C6.o
 .debug_abbrev  0x0000000000001492      0x276 STM32F103C6_Driver/SPI_DRIVER_STM32F103C6.o
 .debug_abbrev  0x0000000000001708      0x28d STM32F103C6_Driver/USART_DRIVER_STM32F103C6.o
 .debug_abbrev  0x0000000000001995      0x221 Src/main.o
 .debug_abbrev  0x0000000000001bb6       0x12 Startup/startup_stm32f103c6tx.o

.debug_aranges  0x0000000000000000      0x720
 .debug_aranges
                0x0000000000000000       0x40 FreeRTOS/list.o
 .debug_aranges
                0x0000000000000040      0x128 FreeRTOS/queue.o
 .debug_aranges
                0x0000000000000168      0x1f0 FreeRTOS/tasks.o
 .debug_aranges
                0x0000000000000358       0x70 FreeRTOS/portable/GCC/ARM_CM3/port.o
 .debug_aranges
                0x00000000000003c8       0x58 FreeRTOS/portable/MemMang/heap_4.o
 .debug_aranges
                0x0000000000000420       0x80 STM32F103C6_Driver/EXTI_DRIVER_STM32F103C6.o
 .debug_aranges
                0x00000000000004a0       0x68 STM32F103C6_Driver/GPIO_DRIVER_STM32F103C6.o
 .debug_aranges
                0x0000000000000508       0x98 STM32F103C6_Driver/I2C_DRIVER_STM32F103C6.o
 .debug_aranges
                0x00000000000005a0       0x38 STM32F103C6_Driver/RCC_DRIVER_STM32F103C6.o
 .debug_aranges
                0x00000000000005d8       0x58 STM32F103C6_Driver/SPI_DRIVER_STM32F103C6.o
 .debug_aranges
                0x0000000000000630       0x68 STM32F103C6_Driver/USART_DRIVER_STM32F103C6.o
 .debug_aranges
                0x0000000000000698       0x60 Src/main.o
 .debug_aranges
                0x00000000000006f8       0x28 Startup/startup_stm32f103c6tx.o

.debug_ranges   0x0000000000000000      0x658
 .debug_ranges  0x0000000000000000       0x30 FreeRTOS/list.o
 .debug_ranges  0x0000000000000030      0x118 FreeRTOS/queue.o
 .debug_ranges  0x0000000000000148      0x1e0 FreeRTOS/tasks.o
 .debug_ranges  0x0000000000000328       0x60 FreeRTOS/portable/GCC/ARM_CM3/port.o
 .debug_ranges  0x0000000000000388       0x48 FreeRTOS/portable/MemMang/heap_4.o
 .debug_ranges  0x00000000000003d0       0x70 STM32F103C6_Driver/EXTI_DRIVER_STM32F103C6.o
 .debug_ranges  0x0000000000000440       0x58 STM32F103C6_Driver/GPIO_DRIVER_STM32F103C6.o
 .debug_ranges  0x0000000000000498       0x88 STM32F103C6_Driver/I2C_DRIVER_STM32F103C6.o
 .debug_ranges  0x0000000000000520       0x28 STM32F103C6_Driver/RCC_DRIVER_STM32F103C6.o
 .debug_ranges  0x0000000000000548       0x48 STM32F103C6_Driver/SPI_DRIVER_STM32F103C6.o
 .debug_ranges  0x0000000000000590       0x58 STM32F103C6_Driver/USART_DRIVER_STM32F103C6.o
 .debug_ranges  0x00000000000005e8       0x50 Src/main.o
 .debug_ranges  0x0000000000000638       0x20 Startup/startup_stm32f103c6tx.o

.debug_macro    0x0000000000000000     0x2bc5
 .debug_macro   0x0000000000000000      0x18b FreeRTOS/list.o
 .debug_macro   0x000000000000018b      0x214 FreeRTOS/queue.o
 .debug_macro   0x000000000000039f       0x16 FreeRTOS/queue.o
 .debug_macro   0x00000000000003b5       0x35 FreeRTOS/queue.o
 .debug_macro   0x00000000000003ea       0x20 FreeRTOS/queue.o
 .debug_macro   0x000000000000040a       0x80 FreeRTOS/queue.o
 .debug_macro   0x000000000000048a      0x271 FreeRTOS/tasks.o
 .debug_macro   0x00000000000006fb       0x10 FreeRTOS/tasks.o
 .debug_macro   0x000000000000070b      0x177 FreeRTOS/portable/GCC/ARM_CM3/port.o
 .debug_macro   0x0000000000000882      0x1a6 FreeRTOS/portable/MemMang/heap_4.o
 .debug_macro   0x0000000000000a28      0x152 STM32F103C6_Driver/EXTI_DRIVER_STM32F103C6.o
 .debug_macro   0x0000000000000b7a      0x6b8 STM32F103C6_Driver/EXTI_DRIVER_STM32F103C6.o
 .debug_macro   0x0000000000001232       0xd6 STM32F103C6_Driver/EXTI_DRIVER_STM32F103C6.o
 .debug_macro   0x0000000000001308      0x217 STM32F103C6_Driver/EXTI_DRIVER_STM32F103C6.o
 .debug_macro   0x000000000000151f      0x143 STM32F103C6_Driver/GPIO_DRIVER_STM32F103C6.o
 .debug_macro   0x0000000000001662       0xd0 STM32F103C6_Driver/GPIO_DRIVER_STM32F103C6.o
 .debug_macro   0x0000000000001732      0x178 STM32F103C6_Driver/I2C_DRIVER_STM32F103C6.o
 .debug_macro   0x00000000000018aa      0x21d STM32F103C6_Driver/I2C_DRIVER_STM32F103C6.o
 .debug_macro   0x0000000000001ac7       0x16 STM32F103C6_Driver/I2C_DRIVER_STM32F103C6.o
 .debug_macro   0x0000000000001add       0xe8 STM32F103C6_Driver/I2C_DRIVER_STM32F103C6.o
 .debug_macro   0x0000000000001bc5       0xdb STM32F103C6_Driver/I2C_DRIVER_STM32F103C6.o
 .debug_macro   0x0000000000001ca0       0x61 STM32F103C6_Driver/I2C_DRIVER_STM32F103C6.o
 .debug_macro   0x0000000000001d01      0x151 STM32F103C6_Driver/RCC_DRIVER_STM32F103C6.o
 .debug_macro   0x0000000000001e52       0x10 STM32F103C6_Driver/RCC_DRIVER_STM32F103C6.o
 .debug_macro   0x0000000000001e62      0x17b STM32F103C6_Driver/SPI_DRIVER_STM32F103C6.o
 .debug_macro   0x0000000000001fdd       0xd5 STM32F103C6_Driver/SPI_DRIVER_STM32F103C6.o
 .debug_macro   0x00000000000020b2      0x15a STM32F103C6_Driver/USART_DRIVER_STM32F103C6.o
 .debug_macro   0x000000000000220c       0xe2 STM32F103C6_Driver/USART_DRIVER_STM32F103C6.o
 .debug_macro   0x00000000000022ee      0x306 Src/main.o
 .debug_macro   0x00000000000025f4       0x16 Src/main.o
 .debug_macro   0x000000000000260a       0x97 Src/main.o
 .debug_macro   0x00000000000026a1       0xfd Src/main.o
 .debug_macro   0x000000000000279e       0x10 Src/main.o
 .debug_macro   0x00000000000027ae       0x10 Src/main.o
 .debug_macro   0x00000000000027be       0x1c Src/main.o
 .debug_macro   0x00000000000027da       0x52 Src/main.o
 .debug_macro   0x000000000000282c       0x40 Src/main.o
 .debug_macro   0x000000000000286c       0x10 Src/main.o
 .debug_macro   0x000000000000287c       0x40 Src/main.o
 .debug_macro   0x00000000000028bc       0xd7 Src/main.o
 .debug_macro   0x0000000000002993       0x1c Src/main.o
 .debug_macro   0x00000000000029af       0x3d Src/main.o
 .debug_macro   0x00000000000029ec       0x16 Src/main.o
 .debug_macro   0x0000000000002a02      0x145 Src/main.o
 .debug_macro   0x0000000000002b47       0x7e Src/main.o

.debug_line     0x0000000000000000     0x7230
 .debug_line    0x0000000000000000      0x7bd FreeRTOS/list.o
 .debug_line    0x00000000000007bd      0xce0 FreeRTOS/queue.o
 .debug_line    0x000000000000149d     0x11e1 FreeRTOS/tasks.o
 .debug_line    0x000000000000267e      0x65f FreeRTOS/portable/GCC/ARM_CM3/port.o
 .debug_line    0x0000000000002cdd      0x87f FreeRTOS/portable/MemMang/heap_4.o
 .debug_line    0x000000000000355c      0x88d STM32F103C6_Driver/EXTI_DRIVER_STM32F103C6.o
 .debug_line    0x0000000000003de9      0x7e3 STM32F103C6_Driver/GPIO_DRIVER_STM32F103C6.o
 .debug_line    0x00000000000045cc      0x979 STM32F103C6_Driver/I2C_DRIVER_STM32F103C6.o
 .debug_line    0x0000000000004f45      0x734 STM32F103C6_Driver/RCC_DRIVER_STM32F103C6.o
 .debug_line    0x0000000000005679      0x854 STM32F103C6_Driver/SPI_DRIVER_STM32F103C6.o
 .debug_line    0x0000000000005ecd      0x88d STM32F103C6_Driver/USART_DRIVER_STM32F103C6.o
 .debug_line    0x000000000000675a      0xa52 Src/main.o
 .debug_line    0x00000000000071ac       0x84 Startup/startup_stm32f103c6tx.o

.debug_str      0x0000000000000000    0x1626f
 .debug_str     0x0000000000000000     0xaa22 FreeRTOS/list.o
                                       0xaca1 (size before relaxing)
 .debug_str     0x000000000000aa22     0x2290 FreeRTOS/queue.o
                                       0xcf31 (size before relaxing)
 .debug_str     0x000000000000ccb2     0x1bc1 FreeRTOS/tasks.o
                                       0xdc4a (size before relaxing)
 .debug_str     0x000000000000e873      0x616 FreeRTOS/portable/GCC/ARM_CM3/port.o
                                       0x9400 (size before relaxing)
 .debug_str     0x000000000000ee89      0x30e FreeRTOS/portable/MemMang/heap_4.o
                                       0xc0fc (size before relaxing)
 .debug_str     0x000000000000f197     0x3c25 STM32F103C6_Driver/EXTI_DRIVER_STM32F103C6.o
                                       0xab72 (size before relaxing)
 .debug_str     0x0000000000012dbc      0x179 STM32F103C6_Driver/GPIO_DRIVER_STM32F103C6.o
                                       0x979b (size before relaxing)
 .debug_str     0x0000000000012f35     0x1376 STM32F103C6_Driver/I2C_DRIVER_STM32F103C6.o
                                       0xbcdf (size before relaxing)
 .debug_str     0x00000000000142ab       0xcf STM32F103C6_Driver/RCC_DRIVER_STM32F103C6.o
                                       0xa9f0 (size before relaxing)
 .debug_str     0x000000000001437a      0x2a3 STM32F103C6_Driver/SPI_DRIVER_STM32F103C6.o
                                       0xb856 (size before relaxing)
 .debug_str     0x000000000001461d      0x1d5 STM32F103C6_Driver/USART_DRIVER_STM32F103C6.o
                                       0xb216 (size before relaxing)
 .debug_str     0x00000000000147f2     0x1a4c Src/main.o
                                      0x12163 (size before relaxing)
 .debug_str     0x000000000001623e       0x31 Startup/startup_stm32f103c6tx.o
                                         0x71 (size before relaxing)

.comment        0x0000000000000000       0x7b
 .comment       0x0000000000000000       0x7b FreeRTOS/list.o
                                         0x7c (size before relaxing)
 .comment       0x000000000000007b       0x7c FreeRTOS/queue.o
 .comment       0x000000000000007b       0x7c FreeRTOS/tasks.o
 .comment       0x000000000000007b       0x7c FreeRTOS/portable/GCC/ARM_CM3/port.o
 .comment       0x000000000000007b       0x7c FreeRTOS/portable/MemMang/heap_4.o
 .comment       0x000000000000007b       0x7c STM32F103C6_Driver/EXTI_DRIVER_STM32F103C6.o
 .comment       0x000000000000007b       0x7c STM32F103C6_Driver/GPIO_DRIVER_STM32F103C6.o
 .comment       0x000000000000007b       0x7c STM32F103C6_Driver/I2C_DRIVER_STM32F103C6.o
 .comment       0x000000000000007b       0x7c STM32F103C6_Driver/RCC_DRIVER_STM32F103C6.o
 .comment       0x000000000000007b       0x7c STM32F103C6_Driver/SPI_DRIVER_STM32F103C6.o
 .comment       0x000000000000007b       0x7c STM32F103C6_Driver/USART_DRIVER_STM32F103C6.o
 .comment       0x000000000000007b       0x7c Src/main.o

.debug_frame    0x0000000000000000     0x1b90
 .debug_frame   0x0000000000000000       0xd8 FreeRTOS/list.o
 .debug_frame   0x00000000000000d8      0x510 FreeRTOS/queue.o
 .debug_frame   0x00000000000005e8      0x880 FreeRTOS/tasks.o
 .debug_frame   0x0000000000000e68      0x160 FreeRTOS/portable/GCC/ARM_CM3/port.o
 .debug_frame   0x0000000000000fc8      0x12c FreeRTOS/portable/MemMang/heap_4.o
 .debug_frame   0x00000000000010f4      0x1b0 STM32F103C6_Driver/EXTI_DRIVER_STM32F103C6.o
 .debug_frame   0x00000000000012a4      0x1a0 STM32F103C6_Driver/GPIO_DRIVER_STM32F103C6.o
 .debug_frame   0x0000000000001444      0x260 STM32F103C6_Driver/I2C_DRIVER_STM32F103C6.o
 .debug_frame   0x00000000000016a4       0x84 STM32F103C6_Driver/RCC_DRIVER_STM32F103C6.o
 .debug_frame   0x0000000000001728      0x148 STM32F103C6_Driver/SPI_DRIVER_STM32F103C6.o
 .debug_frame   0x0000000000001870      0x16c STM32F103C6_Driver/USART_DRIVER_STM32F103C6.o
 .debug_frame   0x00000000000019dc      0x140 Src/main.o
 .debug_frame   0x0000000000001b1c       0x2c c:/program files (x86)/stm32cubeide_1.4.0/stm32cubeide/plugins/com.st.stm32cube.ide.mcu.externaltools.gnu-tools-for-stm32.7-2018-q2-update.win32_1.4.0.202007081208/tools/bin/../lib/gcc/arm-none-eabi/7.3.1/../../../../arm-none-eabi/lib/thumb/v7-m\libc_nano.a(lib_a-init.o)
 .debug_frame   0x0000000000001b48       0x28 c:/program files (x86)/stm32cubeide_1.4.0/stm32cubeide/plugins/com.st.stm32cube.ide.mcu.externaltools.gnu-tools-for-stm32.7-2018-q2-update.win32_1.4.0.202007081208/tools/bin/../lib/gcc/arm-none-eabi/7.3.1/../../../../arm-none-eabi/lib/thumb/v7-m\libc_nano.a(lib_a-memcpy-stub.o)
 .debug_frame   0x0000000000001b70       0x20 c:/program files (x86)/stm32cubeide_1.4.0/stm32cubeide/plugins/com.st.stm32cube.ide.mcu.externaltools.gnu-tools-for-stm32.7-2018-q2-update.win32_1.4.0.202007081208/tools/bin/../lib/gcc/arm-none-eabi/7.3.1/../../../../arm-none-eabi/lib/thumb/v7-m\libc_nano.a(lib_a-memset.o)
